Archive member included to satisfy reference by file (symbol)

/home/cbpeng/toolchain/Xuantie-900-gcc-elf-newlib-x86_64/bin/../lib/gcc/riscv64-unknown-elf/10.2.0/../../../../riscv64-unknown-elf/lib/rv32imafc/ilp32f/libc.a(lib_a-memmove-stub.o)
                              out/BSP_Common/xz/xz_dec_lzma2.o (memmove)
/home/cbpeng/toolchain/Xuantie-900-gcc-elf-newlib-x86_64/bin/../lib/gcc/riscv64-unknown-elf/10.2.0/rv32imafc/ilp32f/libgcc.a(_clzsi2.o)
                              out/3rdParty/FreeRTOS/Source/tasks.o (__clzsi2)
/home/cbpeng/toolchain/Xuantie-900-gcc-elf-newlib-x86_64/bin/../lib/gcc/riscv64-unknown-elf/10.2.0/rv32imafc/ilp32f/libgcc.a(_udivdi3.o)
                              out/BSP_Common/libc/vsnprintf.o (__udivdi3)
/home/cbpeng/toolchain/Xuantie-900-gcc-elf-newlib-x86_64/bin/../lib/gcc/riscv64-unknown-elf/10.2.0/rv32imafc/ilp32f/libgcc.a(_umoddi3.o)
                              out/BSP_Common/libc/vsnprintf.o (__umoddi3)
/home/cbpeng/toolchain/Xuantie-900-gcc-elf-newlib-x86_64/bin/../lib/gcc/riscv64-unknown-elf/10.2.0/rv32imafc/ilp32f/libgcc.a(adddf3.o)
                              out/BSP_Common/libc/atof.o (__adddf3)
/home/cbpeng/toolchain/Xuantie-900-gcc-elf-newlib-x86_64/bin/../lib/gcc/riscv64-unknown-elf/10.2.0/rv32imafc/ilp32f/libgcc.a(divdf3.o)
                              out/ChipTest/Eflash_Loader/bflb_eflash_loader_uart.o (__divdf3)
/home/cbpeng/toolchain/Xuantie-900-gcc-elf-newlib-x86_64/bin/../lib/gcc/riscv64-unknown-elf/10.2.0/rv32imafc/ilp32f/libgcc.a(muldf3.o)
                              out/ChipTest/Eflash_Loader/bflb_eflash_loader_uart.o (__muldf3)
/home/cbpeng/toolchain/Xuantie-900-gcc-elf-newlib-x86_64/bin/../lib/gcc/riscv64-unknown-elf/10.2.0/rv32imafc/ilp32f/libgcc.a(fixdfsi.o)
                              out/BSP_Driver/BL602_BSP_Driver/RFDriver/bl602_rf_private.o (__fixdfsi)
/home/cbpeng/toolchain/Xuantie-900-gcc-elf-newlib-x86_64/bin/../lib/gcc/riscv64-unknown-elf/10.2.0/rv32imafc/ilp32f/libgcc.a(fixunsdfsi.o)
                              out/ChipTest/Eflash_Loader/bflb_eflash_loader_uart.o (__fixunsdfsi)
/home/cbpeng/toolchain/Xuantie-900-gcc-elf-newlib-x86_64/bin/../lib/gcc/riscv64-unknown-elf/10.2.0/rv32imafc/ilp32f/libgcc.a(floatsidf.o)
                              out/BSP_Common/libc/atof.o (__floatsidf)
/home/cbpeng/toolchain/Xuantie-900-gcc-elf-newlib-x86_64/bin/../lib/gcc/riscv64-unknown-elf/10.2.0/rv32imafc/ilp32f/libgcc.a(floatunsidf.o)
                              out/ChipTest/Eflash_Loader/bflb_eflash_loader_uart.o (__floatunsidf)
/home/cbpeng/toolchain/Xuantie-900-gcc-elf-newlib-x86_64/bin/../lib/gcc/riscv64-unknown-elf/10.2.0/rv32imafc/ilp32f/libgcc.a(_clz.o)
                              /home/cbpeng/toolchain/Xuantie-900-gcc-elf-newlib-x86_64/bin/../lib/gcc/riscv64-unknown-elf/10.2.0/rv32imafc/ilp32f/libgcc.a(_clzsi2.o) (__clz_tab)

Discarded input sections

 .group         0x0000000000000000        0xc out/ChipTest/Eflash_Loader/main.o
 .group         0x0000000000000000        0xc out/ChipTest/Eflash_Loader/main.o
 .group         0x0000000000000000        0xc out/ChipTest/Eflash_Loader/main.o
 .group         0x0000000000000000        0xc out/ChipTest/Eflash_Loader/main.o
 .group         0x0000000000000000        0xc out/ChipTest/Eflash_Loader/main.o
 .group         0x0000000000000000        0xc out/ChipTest/Eflash_Loader/main.o
 .group         0x0000000000000000        0xc out/ChipTest/Eflash_Loader/main.o
 .group         0x0000000000000000        0xc out/ChipTest/Eflash_Loader/main.o
 .group         0x0000000000000000        0xc out/ChipTest/Eflash_Loader/main.o
 .group         0x0000000000000000        0xc out/ChipTest/Eflash_Loader/main.o
 .group         0x0000000000000000        0xc out/ChipTest/Eflash_Loader/main.o
 .group         0x0000000000000000        0xc out/ChipTest/Eflash_Loader/main.o
 .group         0x0000000000000000        0xc out/ChipTest/Eflash_Loader/main.o
 .group         0x0000000000000000        0xc out/ChipTest/Eflash_Loader/main.o
 .group         0x0000000000000000        0xc out/ChipTest/Eflash_Loader/main.o
 .group         0x0000000000000000        0xc out/ChipTest/Eflash_Loader/main.o
 .group         0x0000000000000000        0xc out/ChipTest/Eflash_Loader/main.o
 .group         0x0000000000000000        0xc out/ChipTest/Eflash_Loader/main.o
 .group         0x0000000000000000        0xc out/ChipTest/Eflash_Loader/main.o
 .group         0x0000000000000000        0xc out/ChipTest/Eflash_Loader/main.o
 .group         0x0000000000000000        0xc out/ChipTest/Eflash_Loader/main.o
 .group         0x0000000000000000        0xc out/ChipTest/Eflash_Loader/main.o
 .group         0x0000000000000000        0xc out/ChipTest/Eflash_Loader/main.o
 .group         0x0000000000000000        0xc out/ChipTest/Eflash_Loader/main.o
 .group         0x0000000000000000        0xc out/ChipTest/Eflash_Loader/main.o
[...]
Memory Configuration

Name             Origin             Length             Attributes
itcm_memory      0x0000000022010000 0x000000000000c000 xr
dtcm_memory      0x000000004201c000 0x0000000000004000 xr
ram_memory       0x0000000042020000 0x0000000000017000 !xr
*default*        0x0000000000000000 0xffffffffffffffff

Linker script and memory map

LOAD out/ChipTest/Eflash_Loader/main.o
LOAD out/ChipTest/Eflash_Loader/bflb_eflash_loader_cmds.o
LOAD out/ChipTest/Eflash_Loader/bflb_eflash_loader_gpio.o
LOAD out/ChipTest/Eflash_Loader/bflb_eflash_loader_interface.o
LOAD out/ChipTest/Eflash_Loader/bflb_eflash_loader_jlink.o
LOAD out/ChipTest/Eflash_Loader/bflb_eflash_loader_uart.o
LOAD out/ChipTest/Eflash_Loader/bflb_eflash_loader_sdio.o
LOAD out/ChipTest/Eflash_Loader/bflb_eflash_loader_boot.o
LOAD out/ChipTest/Eflash_Loader/bflb_spi_flash.o
LOAD out/ChipTest/Eflash_Loader/bflb_efuse.o
LOAD out/ChipTest/Eflash_Loader/bflb_eflash_loader_cfg.o
LOAD out/ChipTest/Eflash_Loader/bflb_set_clock.o
LOAD out/ChipTest/Eflash_Loader/sdu.o
LOAD out/BSP_Common/ring_buffer/ring_buffer.o
LOAD out/BSP_Common/libc/atof.o
LOAD out/BSP_Common/libc/atoi.o
LOAD out/BSP_Common/libc/atol.o
LOAD out/BSP_Common/libc/atoll.o
LOAD out/BSP_Common/libc/jrand48.o
LOAD out/BSP_Common/libc/lrand48.o
LOAD out/BSP_Common/libc/mrand48.o
LOAD out/BSP_Common/libc/nrand48.o
LOAD out/BSP_Common/libc/seed48.o
LOAD out/BSP_Common/libc/srand48.o
LOAD out/BSP_Common/libc/memccpy.o
LOAD out/BSP_Common/libc/memcpy.o
LOAD out/BSP_Common/libc/memset.o
LOAD out/BSP_Common/libc/memswap.o
LOAD out/BSP_Common/libc/memchr.o
LOAD out/BSP_Common/libc/memrchr.o
LOAD out/BSP_Common/libc/memmem.o
LOAD out/BSP_Common/libc/memcmp.o
LOAD out/BSP_Common/libc/bsearch.o
LOAD out/BSP_Common/libc/qsort.o
LOAD out/BSP_Common/libc/fnmatch.o
LOAD out/BSP_Common/libc/snprintf.o
LOAD out/BSP_Common/libc/sprintf.o
LOAD out/BSP_Common/libc/sscanf.o
LOAD out/BSP_Common/libc/vsnprintf.o
LOAD out/BSP_Common/libc/vsprintf.o
LOAD out/BSP_Common/libc/vsscanf.o
LOAD out/BSP_Common/libc/strcmp.o
LOAD out/BSP_Common/libc/strncmp.o
LOAD out/BSP_Common/libc/strcasecmp.o
LOAD out/BSP_Common/libc/strncasecmp.o
LOAD out/BSP_Common/libc/strcpy.o
LOAD out/BSP_Common/libc/strlcpy.o
LOAD out/BSP_Common/libc/strncpy.o
LOAD out/BSP_Common/libc/strcat.o
LOAD out/BSP_Common/libc/strlcat.o
LOAD out/BSP_Common/libc/strncat.o
LOAD out/BSP_Common/libc/strlen.o
LOAD out/BSP_Common/libc/strnlen.o
LOAD out/BSP_Common/libc/strchr.o
LOAD out/BSP_Common/libc/strrchr.o
LOAD out/BSP_Common/libc/strsep.o
LOAD out/BSP_Common/libc/strstr.o
LOAD out/BSP_Common/libc/strcspn.o
LOAD out/BSP_Common/libc/strspn.o
LOAD out/BSP_Common/libc/strxspn.o
LOAD out/BSP_Common/libc/strpbrk.o
LOAD out/BSP_Common/libc/strtok.o
LOAD out/BSP_Common/libc/strtok_r.o
LOAD out/BSP_Common/libc/strtol.o
LOAD out/BSP_Common/libc/strtoll.o
LOAD out/BSP_Common/libc/strtoul.o
LOAD out/BSP_Common/libc/strtoull.o
LOAD out/BSP_Common/libc/strtoimax.o
LOAD out/BSP_Common/libc/strtoumax.o
LOAD out/BSP_Common/libc/strntoimax.o
LOAD out/BSP_Common/libc/strntoumax.o
LOAD out/BSP_Common/libc/stdlib.o
LOAD out/BSP_Common/libc/common.o
LOAD out/BSP_Common/libc/ctype_isalnum.o
LOAD out/BSP_Common/libc/ctype_isalpha.o
LOAD out/BSP_Common/libc/ctype_isascii.o
LOAD out/BSP_Common/libc/ctype_isblank.o
LOAD out/BSP_Common/libc/ctype_iscntrl.o
LOAD out/BSP_Common/libc/ctype_isdigit.o
LOAD out/BSP_Common/libc/ctype_isgraph.o
LOAD out/BSP_Common/libc/ctype_ispunct.o
LOAD out/BSP_Common/libc/ctype_islower.o
LOAD out/BSP_Common/libc/ctype_isprint.o
LOAD out/BSP_Common/libc/ctype_isspace.o
LOAD out/BSP_Common/libc/ctype_isupper.o
LOAD out/BSP_Common/libc/ctype_tolower.o
LOAD out/BSP_Common/libc/ctype_toupper.o
LOAD out/BSP_Common/libc/ctype_isxdigit.o
LOAD out/BSP_Common/libc/ctypes.o
LOAD out/BSP_Common/soft_crc/softcrc.o
LOAD out/BSP_Common/cipher_suite/bflb_crypt.o
LOAD out/BSP_Common/cipher_suite/bflb_hash.o
LOAD out/BSP_Common/cipher_suite/bflb_ecdsa.o
LOAD out/BSP_Common/cipher_suite/bflb_dsa.o
LOAD out/BSP_Common/xz/xz_crc32.o
LOAD out/BSP_Common/xz/xz_dec_lzma2.o
LOAD out/BSP_Common/xz/xz_dec_stream.o
LOAD out/BSP_Common/xz/xz_decompress.o
LOAD out/BSP_Common/xz/xz_port.o
LOAD out/BSP_Common/partition/partition.o
LOAD out/startup/system_bl602.o
LOAD out/startup/GCC/start_load.o
LOAD out/startup/interrupt.o
LOAD out/startup/GCC/entry.o
LOAD out/BSP_Common/FreeRTOS/port.o
LOAD out/BSP_Common/FreeRTOS/portASM.o
LOAD out/BSP_Driver/BL602_BSP_Driver/StdDriver/bl602_common.o
LOAD out/BSP_Driver/BL602_BSP_Driver/StdDriver/bl602_uart.o
LOAD out/BSP_Driver/BL602_BSP_Driver/StdDriver/bl602_dma.o
LOAD out/BSP_Driver/BL602_BSP_Driver/StdDriver/bl602_glb.o
LOAD out/BSP_Driver/BL602_BSP_Driver/StdDriver/bl602_timer.o
LOAD out/BSP_Driver/BL602_BSP_Driver/StdDriver/bl602_ef_ctrl.o
LOAD out/BSP_Driver/BL602_BSP_Driver/StdDriver/bl602_aon.o
LOAD out/BSP_Driver/BL602_BSP_Driver/StdDriver/bl602_hbn.o
LOAD out/BSP_Driver/BL602_BSP_Driver/StdDriver/bl602_sec_eng.o
LOAD out/BSP_Driver/BL602_BSP_Driver/StdDriver/bl602_sdu.o
LOAD out/BSP_Driver/BL602_BSP_Driver/StdDriver/bl602_dac.o
LOAD out/BSP_Driver/BL602_BSP_Driver/StdDriver/bl602_l1c.o
LOAD out/BSP_Driver/BL602_BSP_Driver/StdDriver/bl602_pwm.o
LOAD out/BSP_Driver/BL602_BSP_Driver/StdDriver/bl602_i2c.o
LOAD out/BSP_Driver/BL602_BSP_Driver/StdDriver/bl602_sec_dbg.o
LOAD out/BSP_Driver/BL602_BSP_Driver/StdDriver/bl602_ir.o
LOAD out/BSP_Driver/BL602_BSP_Driver/StdDriver/bl602_spi.o
LOAD out/BSP_Driver/BL602_BSP_Driver/StdDriver/bl602_pds.o
LOAD out/BSP_Driver/BL602_BSP_Driver/StdDriver/bl602_tzc_sec.o
LOAD out/BSP_Driver/BL602_BSP_Driver/StdDriver/bl602_adc.o
LOAD out/BSP_Driver/BL602_BSP_Driver/StdDriver/bl602_acomp.o
LOAD out/BSP_Driver/BL602_BSP_Driver/StdDriver/bl602_mfg_efuse.o
LOAD out/BSP_Driver/BL602_BSP_Driver/StdDriver/bl602_romapi.o
LOAD out/BSP_Driver/BL602_BSP_Driver/StdDriver/bl602_sflash_ext.o
LOAD out/BSP_Driver/BL602_BSP_Driver/StdDriver/bl602_sf_cfg_ext.o
LOAD out/BSP_Driver/BL602_BSP_Driver/StdDriver/bl602_xip_sflash_ext.o
LOAD out/BSP_Driver/BL602_BSP_Driver/RFDriver/bl602_rf_private.o
LOAD out/BSP_Driver/BL602_BSP_Driver/RFDriver/bl602_calib_data.o
LOAD out/BSP_Driver/BL602_BSP_Driver/platform_print/platform_device.o
LOAD out/BSP_Driver/BL602_BSP_Driver/platform_print/platform_gpio.o
LOAD out/3rdParty/FreeRTOS/Source/tasks.o
LOAD out/3rdParty/FreeRTOS/Source/list.o
LOAD out/3rdParty/FreeRTOS/Source/queue.o
LOAD out/3rdParty/FreeRTOS/Source/timers.o
LOAD out/3rdParty/FreeRTOS/Source/stream_buffer.o
LOAD out/3rdParty/FreeRTOS/Source/croutine.o
LOAD out/3rdParty/FreeRTOS/Source/portable/MemMang/heap_5.o
LOAD /home/cbpeng/toolchain/Xuantie-900-gcc-elf-newlib-x86_64/bin/../lib/gcc/riscv64-unknown-elf/10.2.0/../../../../riscv64-unknown-elf/lib/rv32imafc/ilp32f/libc.a
LOAD /home/cbpeng/toolchain/Xuantie-900-gcc-elf-newlib-x86_64/bin/../lib/gcc/riscv64-unknown-elf/10.2.0/../../../../riscv64-unknown-elf/lib/rv32imafc/ilp32f/libm.a
LOAD /home/cbpeng/toolchain/Xuantie-900-gcc-elf-newlib-x86_64/bin/../lib/gcc/riscv64-unknown-elf/10.2.0/rv32imafc/ilp32f/libgcc.a
START GROUP
LOAD /home/cbpeng/toolchain/Xuantie-900-gcc-elf-newlib-x86_64/bin/../lib/gcc/riscv64-unknown-elf/10.2.0/../../../../riscv64-unknown-elf/lib/rv32imafc/ilp32f/libc.a
LOAD /home/cbpeng/toolchain/Xuantie-900-gcc-elf-newlib-x86_64/bin/../lib/gcc/riscv64-unknown-elf/10.2.0/../../../../riscv64-unknown-elf/lib/rv32imafc/ilp32f/libgloss.a
END GROUP
LOAD /home/cbpeng/toolchain/Xuantie-900-gcc-elf-newlib-x86_64/bin/../lib/gcc/riscv64-unknown-elf/10.2.0/rv32imafc/ilp32f/libgcc.a
LOAD /home/cbpeng/toolchain/Xuantie-900-gcc-elf-newlib-x86_64/bin/../lib/gcc/riscv64-unknown-elf/10.2.0/../../../../riscv64-unknown-elf/lib/rv32imafc/ilp32f/libc.a
LOAD /home/cbpeng/toolchain/Xuantie-900-gcc-elf-newlib-x86_64/bin/../lib/gcc/riscv64-unknown-elf/10.2.0/rv32imafc/ilp32f/libgcc.a
                0x0000000000000400                StackSize = 0x400
                0x0000000000000000                PROVIDE (__metal_chicken_bit = 0x0)

.text           0x0000000022010000     0x9028
                0x0000000022010000                . = ALIGN (0x4)
                0x0000000022010000                __text_code_start__ = .
 *(.text.metal.init.enter)
 .text.metal.init.enter
                0x0000000022010000       0x86 out/startup/GCC/entry.o
                0x0000000022010000                _enter
 *(SORT_NONE(.init))
 *fill*         0x0000000022010086       0x3a 
 .init          0x00000000220100c0      0x142 out/startup/interrupt.o
                0x00000000220100c0                __Vectors
 *(.text)
 .text          0x0000000022010202       0xd0 /home/cbpeng/toolchain/Xuantie-900-gcc-elf-newlib-x86_64/bin/../lib/gcc/riscv64-unknown-elf/10.2.0/../../../../riscv64-unknown-elf/lib/rv32imafc/ilp32f/libc.a(lib_a-memmove-stub.o)
                0x0000000022010202                memmove
 .text          0x00000000220102d2      0x360 /home/cbpeng/toolchain/Xuantie-900-gcc-elf-newlib-x86_64/bin/../lib/gcc/riscv64-unknown-elf/10.2.0/rv32imafc/ilp32f/libgcc.a(_udivdi3.o)
                0x00000000220102d2                __udivdi3
 .text          0x0000000022010632      0x340 /home/cbpeng/toolchain/Xuantie-900-gcc-elf-newlib-x86_64/bin/../lib/gcc/riscv64-unknown-elf/10.2.0/rv32imafc/ilp32f/libgcc.a(_umoddi3.o)
                0x0000000022010632                __umoddi3
 *(.text.*)
 .text.startup.main
                0x0000000022010972      0x206 out/ChipTest/Eflash_Loader/main.o
                0x0000000022010972                main
 .text.bflb_eflash_loader_cmd_get_bootinfo
                0x0000000022010b78       0x56 out/ChipTest/Eflash_Loader/bflb_eflash_loader_cmds.o
 .text.bflb_eflash_loader_cmd_read_jedec_id
                0x0000000022010bce       0x50 out/ChipTest/Eflash_Loader/bflb_eflash_loader_cmds.o
 .text.bflb_eflash_loader_cmd_read_log
                0x0000000022010c1e       0x5a out/ChipTest/Eflash_Loader/bflb_eflash_loader_cmds.o
 .text.bflb_eflash_loader_cmd_xip_read_flash_start
                0x0000000022010c78       0x38 out/ChipTest/Eflash_Loader/bflb_eflash_loader_cmds.o
 .text.bflb_eflash_loader_cmd_xip_read_flash_finish
                0x0000000022010cb0       0x38 out/ChipTest/Eflash_Loader/bflb_eflash_loader_cmds.o
 .text.bflb_eflash_loader_cmd_reset
                0x0000000022010ce8       0x4c out/ChipTest/Eflash_Loader/bflb_eflash_loader_cmds.o
 .text.bflb_eflash_loader_cmd_ack
                0x0000000022010d34       0x36 out/ChipTest/Eflash_Loader/bflb_eflash_loader_cmds.o
 .text.bflb_eflash_loader_cmd_write_mem
                0x0000000022010d6a       0x9a out/ChipTest/Eflash_Loader/bflb_eflash_loader_cmds.o
 .text.bflb_eflash_loader_cmd_write_flash_check
                0x0000000022010e04       0x22 out/ChipTest/Eflash_Loader/bflb_eflash_loader_cmds.o
 .text.bflb_eflash_loader_cmd_read_efuse
                0x0000000022010e26      0x132 out/ChipTest/Eflash_Loader/bflb_eflash_loader_cmds.o
 .text.bflb_eflash_loader_cmd_write_efuse
                0x0000000022010f58       0xce out/ChipTest/Eflash_Loader/bflb_eflash_loader_cmds.o
 .text.bflb_eflash_loader_cmd_flash_chip_erase
                0x0000000022011026       0x44 out/ChipTest/Eflash_Loader/bflb_eflash_loader_cmds.o
 .text.bflb_eflash_loader_cmd_erase_flash
                0x000000002201106a      0x134 out/ChipTest/Eflash_Loader/bflb_eflash_loader_cmds.o
 .text.bflb_eflash_loader_cmd_flash_boot
                0x000000002201119e       0x42 out/ChipTest/Eflash_Loader/bflb_eflash_loader_cmds.o
 .text.bflb_eflash_loader_cmd_read_mem
                0x00000000220111e0      0x102 out/ChipTest/Eflash_Loader/bflb_eflash_loader_cmds.o
 .text.bflb_eflash_loader_cmd_write_flash
                0x00000000220112e2       0xca out/ChipTest/Eflash_Loader/bflb_eflash_loader_cmds.o
 .text.bflb_eflash_loader_cmd_write_status_register
                0x00000000220113ac       0xf6 out/ChipTest/Eflash_Loader/bflb_eflash_loader_cmds.o
 .text.bflb_eflash_loader_cmd_read_status_register
                0x00000000220114a2       0xe0 out/ChipTest/Eflash_Loader/bflb_eflash_loader_cmds.o
 .text.bflb_eflash_loader_cmd_read_flash
                0x0000000022011582      0x178 out/ChipTest/Eflash_Loader/bflb_eflash_loader_cmds.o
 .text.bflb_eflash_loader_cmd_xip_read_flash
                0x00000000220116fa      0x178 out/ChipTest/Eflash_Loader/bflb_eflash_loader_cmds.o
 .text.bflb_eflash_loader_cmd_readSha_flash
                0x0000000022011872      0x16c out/ChipTest/Eflash_Loader/bflb_eflash_loader_cmds.o
 .text.bflb_eflash_loader_cmd_xip_readSha_flash
                0x00000000220119de      0x16c out/ChipTest/Eflash_Loader/bflb_eflash_loader_cmds.o
 .text.bflb_eflash_loader_cmd_read_mac_addr
                0x0000000022011b4a       0x9e out/ChipTest/Eflash_Loader/bflb_eflash_loader_cmds.o
 .text.bflb_eflash_loader_cmd_set_flash_para
                0x0000000022011be8      0x130 out/ChipTest/Eflash_Loader/bflb_eflash_loader_cmds.o
 .text.bflb_eflash_loader_cmd_write_flash_with_decompress
                0x0000000022011d18      0x232 out/ChipTest/Eflash_Loader/bflb_eflash_loader_cmds.o
 .text.bflb_eflash_loader_cmd_init
                0x0000000022011f4a        0xa out/ChipTest/Eflash_Loader/bflb_eflash_loader_cmds.o
                0x0000000022011f4a                bflb_eflash_loader_cmd_init
 .text.bflb_eflash_loader_cmd_process
                0x0000000022011f54       0x46 out/ChipTest/Eflash_Loader/bflb_eflash_loader_cmds.o
                0x0000000022011f54                bflb_eflash_loader_cmd_process
 .text.bootrom_read_boot_mode
                0x0000000022011f9a       0x48 out/ChipTest/Eflash_Loader/bflb_eflash_loader_gpio.o
                0x0000000022011f9a                bootrom_read_boot_mode
 .text.bflb_eflash_loader_init_uart_gpio
                0x0000000022011fe2       0x3c out/ChipTest/Eflash_Loader/bflb_eflash_loader_gpio.o
                0x0000000022011fe2                bflb_eflash_loader_init_uart_gpio
 .text.bflb_eflash_loader_init_sdio_gpio
                0x000000002201201e       0xa6 out/ChipTest/Eflash_Loader/bflb_eflash_loader_gpio.o
                0x000000002201201e                bflb_eflash_loader_init_sdio_gpio
 .text.bflb_eflash_loader_if_set
                0x00000000220120c4      0x12a out/ChipTest/Eflash_Loader/bflb_eflash_loader_interface.o
                0x00000000220120c4                bflb_eflash_loader_if_set
 .text.bflb_eflash_loader_if_send_pending
                0x00000000220121ee       0x24 out/ChipTest/Eflash_Loader/bflb_eflash_loader_interface.o
                0x00000000220121ee                bflb_eflash_loader_if_send_pending
 .text.bflb_eflash_loader_interface_init
                0x0000000022012212       0x14 out/ChipTest/Eflash_Loader/bflb_eflash_loader_interface.o
                0x0000000022012212                bflb_eflash_loader_interface_init
 .text.bflb_eflash_loader_interface_deinit
                0x0000000022012226       0x10 out/ChipTest/Eflash_Loader/bflb_eflash_loader_interface.o
                0x0000000022012226                bflb_eflash_loader_interface_deinit
 .text.bflb_eflash_loader_main
                0x0000000022012236      0x15c out/ChipTest/Eflash_Loader/bflb_eflash_loader_interface.o
                0x0000000022012236                bflb_eflash_loader_main
 .text.bflb_eflash_loader_jlink_init
                0x0000000022012392        0x4 out/ChipTest/Eflash_Loader/bflb_eflash_loader_jlink.o
                0x0000000022012392                bflb_eflash_loader_jlink_init
 .text.bflb_eflash_loader_jlink_handshake_poll
                0x0000000022012396       0x6e out/ChipTest/Eflash_Loader/bflb_eflash_loader_jlink.o
                0x0000000022012396                bflb_eflash_loader_jlink_handshake_poll
 .text.bflb_eflash_loader_jlink_recv
                0x0000000022012404       0x96 out/ChipTest/Eflash_Loader/bflb_eflash_loader_jlink.o
                0x0000000022012404                bflb_eflash_loader_jlink_recv
 .text.bflb_eflash_loader_jlink_send
                0x000000002201249a       0x44 out/ChipTest/Eflash_Loader/bflb_eflash_loader_jlink.o
                0x000000002201249a                bflb_eflash_loader_jlink_send
 .text.bflb_eflash_loader_jlink_wait_tx_idle
                0x00000000220124de        0x4 out/ChipTest/Eflash_Loader/bflb_eflash_loader_jlink.o
                0x00000000220124de                bflb_eflash_loader_jlink_wait_tx_idle
 .text.bflb_eflash_loader_jlink_deinit
                0x00000000220124e2        0x4 out/ChipTest/Eflash_Loader/bflb_eflash_loader_jlink.o
                0x00000000220124e2                bflb_eflash_loader_jlink_deinit
 .text.bflb_eflash_loader_usart_if_init
                0x00000000220124e6       0xb8 out/ChipTest/Eflash_Loader/bflb_eflash_loader_uart.o
 .text.uart_if_rto_cbf
                0x000000002201259e       0x4e out/ChipTest/Eflash_Loader/bflb_eflash_loader_uart.o
 .text.bflb_eflash_loader_usart_if_receive.constprop.0
                0x00000000220125ec       0x9e out/ChipTest/Eflash_Loader/bflb_eflash_loader_uart.o
 .text.uart_if_rda_cbf
                0x000000002201268a       0x4e out/ChipTest/Eflash_Loader/bflb_eflash_loader_uart.o
 .text.bflb_eflash_loader_uart_init
                0x00000000220126d8       0x7e out/ChipTest/Eflash_Loader/bflb_eflash_loader_uart.o
                0x00000000220126d8                bflb_eflash_loader_uart_init
 .text.bflb_eflash_loader_uart_handshake_poll
                0x0000000022012756      0x12c out/ChipTest/Eflash_Loader/bflb_eflash_loader_uart.o
                0x0000000022012756                bflb_eflash_loader_uart_handshake_poll
 .text.bflb_eflash_loader_uart_recv
                0x0000000022012882        0x8 out/ChipTest/Eflash_Loader/bflb_eflash_loader_uart.o
                0x0000000022012882                bflb_eflash_loader_uart_recv
 .text.bflb_eflash_loader_uart_send
                0x000000002201288a       0x16 out/ChipTest/Eflash_Loader/bflb_eflash_loader_uart.o
                0x000000002201288a                bflb_eflash_loader_uart_send
 .text.bflb_eflash_loader_usart_wait_tx_idle
                0x00000000220128a0       0x10 out/ChipTest/Eflash_Loader/bflb_eflash_loader_uart.o
                0x00000000220128a0                bflb_eflash_loader_usart_wait_tx_idle
 .text.bflb_eflash_loader_uart_deinit
                0x00000000220128b0        0x4 out/ChipTest/Eflash_Loader/bflb_eflash_loader_uart.o
                0x00000000220128b0                bflb_eflash_loader_uart_deinit
 .text.bflb_eflash_loader_sdio_init
                0x00000000220128b4        0x4 out/ChipTest/Eflash_Loader/bflb_eflash_loader_sdio.o
                0x00000000220128b4                bflb_eflash_loader_sdio_init
 .text.bflb_eflash_loader_sdio_handshake_poll
                0x00000000220128b8       0x1e out/ChipTest/Eflash_Loader/bflb_eflash_loader_sdio.o
                0x00000000220128b8                bflb_eflash_loader_sdio_handshake_poll
 .text.bflb_eflash_loader_sdio_recv
                0x00000000220128d6       0x34 out/ChipTest/Eflash_Loader/bflb_eflash_loader_sdio.o
                0x00000000220128d6                bflb_eflash_loader_sdio_recv
 .text.bflb_eflash_loader_sdio_send
                0x000000002201290a       0x10 out/ChipTest/Eflash_Loader/bflb_eflash_loader_sdio.o
                0x000000002201290a                bflb_eflash_loader_sdio_send
 .text.bflb_eflash_loader_sdio_wait_tx_idle
                0x000000002201291a        0x4 out/ChipTest/Eflash_Loader/bflb_eflash_loader_sdio.o
                0x000000002201291a                bflb_eflash_loader_sdio_wait_tx_idle
 .text.bflb_eflash_loader_sdio_deinit
                0x000000002201291e        0x4 out/ChipTest/Eflash_Loader/bflb_eflash_loader_sdio.o
                0x000000002201291e                bflb_eflash_loader_sdio_deinit
 .text.bflb_eflash_loader_clk_set_from_user
                0x0000000022012922       0xda out/ChipTest/Eflash_Loader/bflb_eflash_loader_boot.o
                0x0000000022012922                bflb_eflash_loader_clk_set_from_user
 .text.bflb_eflash_loader_parse_bootheader
                0x00000000220129fc      0x1a0 out/ChipTest/Eflash_Loader/bflb_eflash_loader_boot.o
                0x00000000220129fc                bflb_eflash_loader_parse_bootheader
 .text.bflb_eflash_loader_boot_pre_jump
                0x0000000022012b9c       0x38 out/ChipTest/Eflash_Loader/bflb_eflash_loader_boot.o
                0x0000000022012b9c                bflb_eflash_loader_boot_pre_jump
 .text.bflb_eflash_loader_boot_main
                0x0000000022012bd4       0xdc out/ChipTest/Eflash_Loader/bflb_eflash_loader_boot.o
                0x0000000022012bd4                bflb_eflash_loader_boot_main
 .text.bflb_eflash_loader_cache_enable
                0x0000000022012cb0       0x9a out/ChipTest/Eflash_Loader/bflb_spi_flash.o
                0x0000000022012cb0                bflb_eflash_loader_cache_enable
 .text.bflb_spi_flash_update_para
                0x0000000022012d4a       0x1a out/ChipTest/Eflash_Loader/bflb_spi_flash.o
                0x0000000022012d4a                bflb_spi_flash_update_para
 .text.bflb_spi_flash_xip_read_init
                0x0000000022012d64       0xbc out/ChipTest/Eflash_Loader/bflb_spi_flash.o
                0x0000000022012d64                bflb_spi_flash_xip_read_init
 .text.bflb_spi_flash_xip_read_exit
                0x0000000022012e20       0x26 out/ChipTest/Eflash_Loader/bflb_spi_flash.o
                0x0000000022012e20                bflb_spi_flash_xip_read_exit
 .text.bflb_spi_flash_set_io_mode
                0x0000000022012e46        0x6 out/ChipTest/Eflash_Loader/bflb_spi_flash.o
                0x0000000022012e46                bflb_spi_flash_set_io_mode
 .text.bflb_spi_flash_read_jedec_id
                0x0000000022012e4c       0x40 out/ChipTest/Eflash_Loader/bflb_spi_flash.o
                0x0000000022012e4c                bflb_spi_flash_read_jedec_id
 .text.bflb_spi_flash_read_status_reg_with_cmd
                0x0000000022012e8c        0xe out/ChipTest/Eflash_Loader/bflb_spi_flash.o
                0x0000000022012e8c                bflb_spi_flash_read_status_reg_with_cmd
 .text.bflb_spi_flash_write_status_reg_with_cmd
                0x0000000022012e9a       0x46 out/ChipTest/Eflash_Loader/bflb_spi_flash.o
                0x0000000022012e9a                bflb_spi_flash_write_status_reg_with_cmd
 .text.bflb_flash_erase
                0x0000000022012ee0       0xd2 out/ChipTest/Eflash_Loader/bflb_spi_flash.o
                0x0000000022012ee0                bflb_flash_erase
 .text.bflb_spi_flash_erase
                0x0000000022012fb2       0x20 out/ChipTest/Eflash_Loader/bflb_spi_flash.o
                0x0000000022012fb2                bflb_spi_flash_erase
 .text.bflb_spi_flash_chiperase
                0x0000000022012fd2       0x1e out/ChipTest/Eflash_Loader/bflb_spi_flash.o
                0x0000000022012fd2                bflb_spi_flash_chiperase
 .text.bflb_spi_flash_program
                0x0000000022012ff0       0x26 out/ChipTest/Eflash_Loader/bflb_spi_flash.o
                0x0000000022012ff0                bflb_spi_flash_program
 .text.bflb_spi_flash_read_sahb
                0x0000000022013016       0x24 out/ChipTest/Eflash_Loader/bflb_spi_flash.o
                0x0000000022013016                bflb_spi_flash_read_sahb
 .text.bflb_spi_flash_read_xip
                0x000000002201303a       0x32 out/ChipTest/Eflash_Loader/bflb_spi_flash.o
                0x000000002201303a                bflb_spi_flash_read_xip
 .text.bflb_spi_flash_read
                0x000000002201306c       0x1e out/ChipTest/Eflash_Loader/bflb_spi_flash.o
                0x000000002201306c                bflb_spi_flash_read
 .text.bflb_clear_flash_status_register
                0x000000002201308a       0xae out/ChipTest/Eflash_Loader/bflb_spi_flash.o
                0x000000002201308a                bflb_clear_flash_status_register
 .text.bflb_spi_flash_init
                0x0000000022013138      0x11c out/ChipTest/Eflash_Loader/bflb_spi_flash.o
                0x0000000022013138                bflb_spi_flash_init
 .text.bflb_efuse_write
                0x0000000022013254       0x56 out/ChipTest/Eflash_Loader/bflb_efuse.o
                0x0000000022013254                bflb_efuse_write
 .text.bflb_efuse_read
                0x00000000220132aa       0x2c out/ChipTest/Eflash_Loader/bflb_efuse.o
                0x00000000220132aa                bflb_efuse_read
 .text.bflb_read_otp
                0x00000000220132d6       0x9e out/ChipTest/Eflash_Loader/bflb_efuse.o
                0x00000000220132d6                bflb_read_otp
 .text.xz_BSP_init
                0x0000000022013374        0x2 out/ChipTest/Eflash_Loader/bflb_eflash_loader_cfg.o
                0x0000000022013374                xz_BSP_init
 .text.xz_BSP_get_dict_buffer
                0x0000000022013376        0x6 out/ChipTest/Eflash_Loader/bflb_eflash_loader_cfg.o
                0x0000000022013376                xz_BSP_get_dict_buffer
 .text.xz_BSP_get_work_buffer
                0x000000002201337c        0x6 out/ChipTest/Eflash_Loader/bflb_eflash_loader_cfg.o
                0x000000002201337c                xz_BSP_get_work_buffer
 .text.xz_BSP_get_output_size
                0x0000000022013382        0x4 out/ChipTest/Eflash_Loader/bflb_eflash_loader_cfg.o
                0x0000000022013382                xz_BSP_get_output_size
 .text.bflb_set_high_speed_system_clock
                0x0000000022013386        0x6 out/ChipTest/Eflash_Loader/bflb_set_clock.o
                0x0000000022013386                bflb_set_high_speed_system_clock
 .text.bflb_set_high_speed_flash_clock
                0x000000002201338c        0xa out/ChipTest/Eflash_Loader/bflb_set_clock.o
                0x000000002201338c                bflb_set_high_speed_flash_clock
 .text.bflb_set_low_speed_flash_clock
                0x0000000022013396        0xa out/ChipTest/Eflash_Loader/bflb_set_clock.o
                0x0000000022013396                bflb_set_low_speed_flash_clock
 .text.bflb_set_flash_clock_div
                0x00000000220133a0        0xa out/ChipTest/Eflash_Loader/bflb_set_clock.o
                0x00000000220133a0                bflb_set_flash_clock_div
 .text.sdu_init
                0x00000000220133aa       0x12 out/ChipTest/Eflash_Loader/sdu.o
                0x00000000220133aa                sdu_init
 .text.sdu_host_check
                0x00000000220133bc      0x150 out/ChipTest/Eflash_Loader/sdu.o
                0x00000000220133bc                sdu_host_check
 .text.sdu_deinit
                0x000000002201350c       0x1e out/ChipTest/Eflash_Loader/sdu.o
                0x000000002201350c                sdu_deinit
 .text.sdu_receive_data
                0x000000002201352a      0x170 out/ChipTest/Eflash_Loader/sdu.o
                0x000000002201352a                sdu_receive_data
 .text.sdu_send_data
                0x000000002201369a      0x116 out/ChipTest/Eflash_Loader/sdu.o
                0x000000002201369a                sdu_send_data
 .text.memcpy   0x00000000220137b0       0x1a out/BSP_Common/libc/memcpy.o
                0x00000000220137b0                memcpy
 .text.memset   0x00000000220137ca       0x18 out/BSP_Common/libc/memset.o
                0x00000000220137ca                memset
 .text.memcmp   0x00000000220137e2       0x22 out/BSP_Common/libc/memcmp.o
                0x00000000220137e2                memcmp
 .text.vsnprintf
                0x0000000022013804      0x8ca out/BSP_Common/libc/vsnprintf.o
                0x0000000022013804                vsnprintf
 .text.strlen   0x00000000220140ce       0x1a out/BSP_Common/libc/strlen.o
                0x00000000220140ce                strlen
 .text.xz_crc32_init
                0x00000000220140e8        0x2 out/BSP_Common/xz/xz_crc32.o
                0x00000000220140e8                xz_crc32_init
 .text.xz_crc32
                0x00000000220140ea       0x34 out/BSP_Common/xz/xz_crc32.o
                0x00000000220140ea                xz_crc32
 .text.lzma_len
                0x000000002201411e      0x178 out/BSP_Common/xz/xz_dec_lzma2.o
 .text.dict_repeat.part.0
                0x0000000022014296       0x64 out/BSP_Common/xz/xz_dec_lzma2.o
 .text.lzma_main
                0x00000000220142fa      0x758 out/BSP_Common/xz/xz_dec_lzma2.o
 .text.xz_dec_lzma2_run
                0x0000000022014a52      0x582 out/BSP_Common/xz/xz_dec_lzma2.o
                0x0000000022014a52                xz_dec_lzma2_run
 .text.xz_dec_lzma2_create
                0x0000000022014fd4       0x68 out/BSP_Common/xz/xz_dec_lzma2.o
                0x0000000022014fd4                xz_dec_lzma2_create
 .text.xz_dec_lzma2_reset
                0x000000002201503c       0x78 out/BSP_Common/xz/xz_dec_lzma2.o
                0x000000002201503c                xz_dec_lzma2_reset
 .text.xz_dec_lzma2_end
                0x00000000220150b4       0x2c out/BSP_Common/xz/xz_dec_lzma2.o
                0x00000000220150b4                xz_dec_lzma2_end
 .text.dec_vli  0x00000000220150e0       0x94 out/BSP_Common/xz/xz_dec_stream.o
 .text.fill_temp
                0x0000000022015174       0x72 out/BSP_Common/xz/xz_dec_stream.o
 .text.xz_dec_run
                0x00000000220151e6      0x810 out/BSP_Common/xz/xz_dec_stream.o
                0x00000000220151e6                xz_dec_run
 .text.xz_dec_init
                0x00000000220159f6       0x76 out/BSP_Common/xz/xz_dec_stream.o
                0x00000000220159f6                xz_dec_init
 .text.xz_dec_end
                0x0000000022015a6c       0x1e out/BSP_Common/xz/xz_dec_stream.o
                0x0000000022015a6c                xz_dec_end
 .text.simple_malloc_init
                0x0000000022015a8a       0x1a out/BSP_Common/xz/xz_port.o
                0x0000000022015a8a                simple_malloc_init
 .text.simple_malloc
                0x0000000022015aa4       0x44 out/BSP_Common/xz/xz_port.o
                0x0000000022015aa4                simple_malloc
 .text.simple_free
                0x0000000022015ae8        0xe out/BSP_Common/xz/xz_port.o
                0x0000000022015ae8                simple_free
 .text.SystemInit
                0x0000000022015af6       0xa4 out/startup/system_bl602.o
                0x0000000022015af6                SystemInit
 .text.start_load
                0x0000000022015b9a       0xe6 out/startup/GCC/start_load.o
                0x0000000022015b9a                start_load
 .text.Interrupt_Handler_Stub
                0x0000000022015c80       0x9a out/startup/interrupt.o
                0x0000000022015c80                SDIO_IRQHandler_Wrapper
                0x0000000022015c80                TIMER_WDT_IRQHandler_Wrapper
                0x0000000022015c80                GPIO_INT0_IRQHandler_Wrapper
                0x0000000022015c80                SEC_PKA_IRQHandler_Wrapper
                0x0000000022015c80                SEC_TRNG_IRQHandler_Wrapper
                0x0000000022015c80                MAC_GEN_IRQHandler_Wrapper
                0x0000000022015c80                DMA_BMX_ERR_IRQHandler_Wrapper
                0x0000000022015c80                EFUSE_IRQHandler_Wrapper
                0x0000000022015c80                WIFI_IRQHandler_Wrapper
                0x0000000022015c80                SEC_CDET_IRQHandler_Wrapper
                0x0000000022015c80                SEC_AES_IRQHandler_Wrapper
                0x0000000022015c80                PWM_IRQHandler_Wrapper
                0x0000000022015c80                RF_TOP_INT1_IRQHandler_Wrapper
                0x0000000022015c80                HBN_OUT0_IRQHandler_Wrapper
                0x0000000022015c80                SF_CTRL_IRQHandler_Wrapper
                0x0000000022015c80                TIMER_CH0_IRQHandler_Wrapper
                0x0000000022015c80                clic_mext_handler_Wrapper
                0x0000000022015c80                MAC_TXRX_TIMER_IRQHandler_Wrapper
                0x0000000022015c80                Interrupt_Handler_Stub
                0x0000000022015c80                clic_csoft_handler_Wrapper
                0x0000000022015c80                I2C_IRQHandler_Wrapper
                0x0000000022015c80                SPI_IRQHandler_Wrapper
                0x0000000022015c80                MAC_PORT_TRG_IRQHandler_Wrapper
                0x0000000022015c80                PDS_WAKEUP_IRQHandler_Wrapper
                0x0000000022015c80                clic_mtimer_handler_Wrapper
                0x0000000022015c80                L1C_BMX_ERR_IRQHandler_Wrapper
                0x0000000022015c80                SEC_BMX_ERR_IRQHandler_Wrapper
                0x0000000022015c80                MAC_RX_TRG_IRQHandler_Wrapper
                0x0000000022015c80                MAC_TX_TRG_IRQHandler_Wrapper
                0x0000000022015c80                HBN_OUT1_IRQHandler_Wrapper
                0x0000000022015c80                SEC_GMAC_IRQHandler_Wrapper
                0x0000000022015c80                clic_msip_handler_Wrapper
                0x0000000022015c80                UART1_IRQHandler_Wrapper
                0x0000000022015c80                GPADC_DMA_IRQHandler_Wrapper
                0x0000000022015c80                MAC_TXRX_MISC_IRQHandler_Wrapper
                0x0000000022015c80                DMA_ALL_IRQHandler_Wrapper
                0x0000000022015c80                BLE_IRQHandler_Wrapper
                0x0000000022015c80                SEC_SHA_IRQHandler_Wrapper
                0x0000000022015c80                IRRX_IRQHandler_Wrapper
                0x0000000022015c80                BMX_TO_IRQHandler_Wrapper
                0x0000000022015c80                TIMER_CH1_IRQHandler_Wrapper
                0x0000000022015c80                UART0_IRQHandler_Wrapper
                0x0000000022015c80                BMX_ERR_IRQHandler_Wrapper
                0x0000000022015c80                WIFI_IPC_PUBLIC_IRQHandler_Wrapper
                0x0000000022015c80                L1C_BMX_TO_IRQHandler_Wrapper
                0x0000000022015c80                BZ_PHY_IRQHandler_Wrapper
                0x0000000022015c80                RF_TOP_INT0_IRQHandler_Wrapper
                0x0000000022015c80                IRTX_IRQHandler_Wrapper
                0x0000000022015c80                BOR_IRQHandler_Wrapper
 *fill*         0x0000000022015d1a       0x26 
 .text.Trap_Handler_Stub
                0x0000000022015d40       0xbc out/startup/interrupt.o
                0x0000000022015d40                Trap_Handler_Stub
 .text.clic_enable_interrupt
                0x0000000022015dfc       0x12 out/startup/interrupt.o
                0x0000000022015dfc                clic_enable_interrupt
 .text.clic_disable_interrupt
                0x0000000022015e0e       0x10 out/startup/interrupt.o
                0x0000000022015e0e                clic_disable_interrupt
 .text.clic_clear_pending
                0x0000000022015e1e        0xc out/startup/interrupt.o
                0x0000000022015e1e                clic_clear_pending
 .text.Trap_Handler
                0x0000000022015e2a      0x12e out/BSP_Driver/BL602_BSP_Driver/StdDriver/bl602_common.o
                0x0000000022015e2a                Trap_Handler
 .text.Interrupt_Handler_Register
                0x0000000022015f58       0x18 out/BSP_Driver/BL602_BSP_Driver/StdDriver/bl602_common.o
                0x0000000022015f58                Interrupt_Handler_Register
 .text.Interrupt_Handler
                0x0000000022015f70       0x90 out/BSP_Driver/BL602_BSP_Driver/StdDriver/bl602_common.o
                0x0000000022015f70                Interrupt_Handler
 .text.UART_IntHandler
                0x0000000022016000      0x170 out/BSP_Driver/BL602_BSP_Driver/StdDriver/bl602_uart.o
 .text.UART0_IRQHandler
                0x0000000022016170        0x6 out/BSP_Driver/BL602_BSP_Driver/StdDriver/bl602_uart.o
                0x0000000022016170                UART0_IRQHandler
 .text.UART1_IRQHandler
                0x0000000022016176        0x6 out/BSP_Driver/BL602_BSP_Driver/StdDriver/bl602_uart.o
                0x0000000022016176                UART1_IRQHandler
 .text.UART_Init
                0x000000002201617c      0x124 out/BSP_Driver/BL602_BSP_Driver/StdDriver/bl602_uart.o
                0x000000002201617c                UART_Init
 .text.UART_FifoConfig
                0x00000000220162a0       0x6c out/BSP_Driver/BL602_BSP_Driver/StdDriver/bl602_uart.o
                0x00000000220162a0                UART_FifoConfig
 .text.UART_Enable
                0x000000002201630c       0x36 out/BSP_Driver/BL602_BSP_Driver/StdDriver/bl602_uart.o
                0x000000002201630c                UART_Enable
 .text.UART_Disable
                0x0000000022016342       0x32 out/BSP_Driver/BL602_BSP_Driver/StdDriver/bl602_uart.o
                0x0000000022016342                UART_Disable
 .text.UART_SetRxTimeoutValue
                0x0000000022016374       0x20 out/BSP_Driver/BL602_BSP_Driver/StdDriver/bl602_uart.o
                0x0000000022016374                UART_SetRxTimeoutValue
 .text.UART_TxFreeRun
                0x0000000022016394       0x2a out/BSP_Driver/BL602_BSP_Driver/StdDriver/bl602_uart.o
                0x0000000022016394                UART_TxFreeRun
 .text.UART_AutoBaudDetection
                0x00000000220163be       0x2a out/BSP_Driver/BL602_BSP_Driver/StdDriver/bl602_uart.o
                0x00000000220163be                UART_AutoBaudDetection
 .text.UART_IntMask
                0x00000000220163e8       0x4a out/BSP_Driver/BL602_BSP_Driver/StdDriver/bl602_uart.o
                0x00000000220163e8                UART_IntMask
 .text.UART_IntClear
                0x0000000022016432       0x30 out/BSP_Driver/BL602_BSP_Driver/StdDriver/bl602_uart.o
                0x0000000022016432                UART_IntClear
 .text.UART_Int_Callback_Install
                0x0000000022016462       0x16 out/BSP_Driver/BL602_BSP_Driver/StdDriver/bl602_uart.o
                0x0000000022016462                UART_Int_Callback_Install
 .text.UART_SendData
                0x0000000022016478       0x52 out/BSP_Driver/BL602_BSP_Driver/StdDriver/bl602_uart.o
                0x0000000022016478                UART_SendData
 .text.UART_ReceiveData
                0x00000000220164ca       0x3c out/BSP_Driver/BL602_BSP_Driver/StdDriver/bl602_uart.o
                0x00000000220164ca                UART_ReceiveData
 .text.UART_GetAutoBaudCount
                0x0000000022016506       0x1a out/BSP_Driver/BL602_BSP_Driver/StdDriver/bl602_uart.o
                0x0000000022016506                UART_GetAutoBaudCount
 .text.UART_GetIntStatus
                0x0000000022016520       0x30 out/BSP_Driver/BL602_BSP_Driver/StdDriver/bl602_uart.o
                0x0000000022016520                UART_GetIntStatus
 .text.UART_GetTxBusBusyStatus
                0x0000000022016550       0x16 out/BSP_Driver/BL602_BSP_Driver/StdDriver/bl602_uart.o
                0x0000000022016550                UART_GetTxBusBusyStatus
 .text.GLB_Set_UART_CLK
                0x0000000022016566       0x3e out/BSP_Driver/BL602_BSP_Driver/StdDriver/bl602_glb.o
                0x0000000022016566                GLB_Set_UART_CLK
 .text.GLB_AHB_Slave1_Reset
                0x00000000220165a4       0x34 out/BSP_Driver/BL602_BSP_Driver/StdDriver/bl602_glb.o
                0x00000000220165a4                GLB_AHB_Slave1_Reset
 .text.GLB_UART_Sig_Swap_Set
                0x00000000220165d8       0x1c out/BSP_Driver/BL602_BSP_Driver/StdDriver/bl602_glb.o
                0x00000000220165d8                GLB_UART_Sig_Swap_Set
 .text.GLB_Set_MTimer_CLK
                0x00000000220165f4       0x4a out/BSP_Driver/BL602_BSP_Driver/StdDriver/bl602_glb.o
                0x00000000220165f4                GLB_Set_MTimer_CLK
 .text.GLB_UART_Fun_Sel
                0x000000002201663e       0x24 out/BSP_Driver/BL602_BSP_Driver/StdDriver/bl602_glb.o
                0x000000002201663e                GLB_UART_Fun_Sel
 .text.GLB_GPIO_Read
                0x0000000022016662       0x20 out/BSP_Driver/BL602_BSP_Driver/StdDriver/bl602_glb.o
                0x0000000022016662                GLB_GPIO_Read
 .text.EF_Ctrl_Read_Secure_Cfg
                0x0000000022016682       0x3e out/BSP_Driver/BL602_BSP_Driver/StdDriver/bl602_ef_ctrl.o
                0x0000000022016682                EF_Ctrl_Read_Secure_Cfg
 .text.EF_Ctrl_Read_Secure_Boot
                0x00000000220166c0       0x3c out/BSP_Driver/BL602_BSP_Driver/StdDriver/bl602_ef_ctrl.o
                0x00000000220166c0                EF_Ctrl_Read_Secure_Boot
 .text.EF_Ctrl_Get_Trim_Enable
                0x00000000220166fc       0x18 out/BSP_Driver/BL602_BSP_Driver/StdDriver/bl602_ef_ctrl.o
                0x00000000220166fc                EF_Ctrl_Get_Trim_Enable
 .text.EF_Ctrl_Read_Sw_Usage
                0x0000000022016714       0x28 out/BSP_Driver/BL602_BSP_Driver/StdDriver/bl602_ef_ctrl.o
                0x0000000022016714                EF_Ctrl_Read_Sw_Usage
 .text.EF_Ctrl_Read_MAC_Address
                0x000000002201673c       0x4e out/BSP_Driver/BL602_BSP_Driver/StdDriver/bl602_ef_ctrl.o
                0x000000002201673c                EF_Ctrl_Read_MAC_Address
 .text.EF_Ctrl_Read_Chip_ID
                0x000000002201678a       0x56 out/BSP_Driver/BL602_BSP_Driver/StdDriver/bl602_ef_ctrl.o
                0x000000002201678a                EF_Ctrl_Read_Chip_ID
 .text.EF_Ctrl_Program_Direct_R0
                0x00000000220167e0       0x38 out/BSP_Driver/BL602_BSP_Driver/StdDriver/bl602_ef_ctrl.o
                0x00000000220167e0                EF_Ctrl_Program_Direct_R0
 .text.EF_Ctrl_Read_Direct_R0
                0x0000000022016818       0x2e out/BSP_Driver/BL602_BSP_Driver/StdDriver/bl602_ef_ctrl.o
                0x0000000022016818                EF_Ctrl_Read_Direct_R0
 .text.HBN_Set_UART_CLK_Sel
                0x0000000022016846       0x12 out/BSP_Driver/BL602_BSP_Driver/StdDriver/bl602_hbn.o
                0x0000000022016846                HBN_Set_UART_CLK_Sel
 .text.HBN_Set_BOR_Cfg
                0x0000000022016858       0x5c out/BSP_Driver/BL602_BSP_Driver/StdDriver/bl602_hbn.o
                0x0000000022016858                HBN_Set_BOR_Cfg
 .text.Sec_Eng_SHA256_Update.part.0
                0x00000000220168b4      0x176 out/BSP_Driver/BL602_BSP_Driver/StdDriver/bl602_sec_eng.o
 .text.SEC_SHA_IRQHandler
                0x0000000022016a2a       0x20 out/BSP_Driver/BL602_BSP_Driver/StdDriver/bl602_sec_eng.o
                0x0000000022016a2a                SEC_SHA_IRQHandler
 .text.SEC_TRNG_IRQHandler
                0x0000000022016a4a       0x24 out/BSP_Driver/BL602_BSP_Driver/StdDriver/bl602_sec_eng.o
                0x0000000022016a4a                SEC_TRNG_IRQHandler
 .text.Sec_Eng_SHA256_Init
                0x0000000022016a6e       0x60 out/BSP_Driver/BL602_BSP_Driver/StdDriver/bl602_sec_eng.o
                0x0000000022016a6e                Sec_Eng_SHA256_Init
 .text.Sec_Eng_SHA_Start
                0x0000000022016ace       0x12 out/BSP_Driver/BL602_BSP_Driver/StdDriver/bl602_sec_eng.o
                0x0000000022016ace                Sec_Eng_SHA_Start
 .text.Sec_Eng_SHA256_Update
                0x0000000022016ae0        0xe out/BSP_Driver/BL602_BSP_Driver/StdDriver/bl602_sec_eng.o
                0x0000000022016ae0                Sec_Eng_SHA256_Update
 .text.Sec_Eng_SHA256_Finish
                0x0000000022016aee      0x222 out/BSP_Driver/BL602_BSP_Driver/StdDriver/bl602_sec_eng.o
                0x0000000022016aee                Sec_Eng_SHA256_Finish
 .text.Sec_Eng_Trng_Enable
                0x0000000022016d10       0x6a out/BSP_Driver/BL602_BSP_Driver/StdDriver/bl602_sec_eng.o
                0x0000000022016d10                Sec_Eng_Trng_Enable
 .text.Sec_Eng_Trng_Disable
                0x0000000022016d7a       0x14 out/BSP_Driver/BL602_BSP_Driver/StdDriver/bl602_sec_eng.o
                0x0000000022016d7a                Sec_Eng_Trng_Disable
 .text.bflb_platform_uart_dbg_init
                0x0000000022016d8e       0x8e out/BSP_Driver/BL602_BSP_Driver/platform_print/platform_device.o
                0x0000000022016d8e                bflb_platform_uart_dbg_init
 .text.bflb_platform_get_log
                0x0000000022016e1c       0x2c out/BSP_Driver/BL602_BSP_Driver/platform_print/platform_device.o
                0x0000000022016e1c                bflb_platform_get_log
 .text.bflb_platform_printf
                0x0000000022016e48       0x96 out/BSP_Driver/BL602_BSP_Driver/platform_print/platform_device.o
                0x0000000022016e48                bflb_platform_printf
 .text.bflb_platform_clear_time
                0x0000000022016ede       0x12 out/BSP_Driver/BL602_BSP_Driver/platform_print/platform_device.o
                0x0000000022016ede                bflb_platform_clear_time
 .text.bflb_platform_get_time_ms
                0x0000000022016ef0       0x8a out/BSP_Driver/BL602_BSP_Driver/platform_print/platform_device.o
                0x0000000022016ef0                bflb_platform_get_time_ms
 .text.bflb_platform_delay_ms
                0x0000000022016f7a       0x66 out/BSP_Driver/BL602_BSP_Driver/platform_print/platform_device.o
                0x0000000022016f7a                bflb_platform_delay_ms
 .text.bflb_platform_init
                0x0000000022016fe0       0x7c out/BSP_Driver/BL602_BSP_Driver/platform_print/platform_device.o
                0x0000000022016fe0                bflb_platform_init
 .text.bflb_platform_deinit
                0x000000002201705c       0x4e out/BSP_Driver/BL602_BSP_Driver/platform_print/platform_device.o
                0x000000002201705c                bflb_platform_deinit
 .text.bflb_platform_init_uart_debug_gpio
                0x00000000220170aa       0x2e out/BSP_Driver/BL602_BSP_Driver/platform_print/platform_gpio.o
                0x00000000220170aa                bflb_platform_init_uart_debug_gpio
 .text.bflb_platform_deinit_uart_debug_gpio
                0x00000000220170d8       0x30 out/BSP_Driver/BL602_BSP_Driver/platform_print/platform_gpio.o
                0x00000000220170d8                bflb_platform_deinit_uart_debug_gpio
 *(.rodata)
 *fill*         0x0000000022017108        0x0 
 .rodata        0x0000000022017108       0x10 out/BSP_Driver/BL602_BSP_Driver/platform_print/platform_device.o
 .rodata        0x0000000022017118      0x100 /home/cbpeng/toolchain/Xuantie-900-gcc-elf-newlib-x86_64/bin/../lib/gcc/riscv64-unknown-elf/10.2.0/rv32imafc/ilp32f/libgcc.a(_clz.o)
                0x0000000022017118                __clz_tab
 *(.rodata.*)
 .rodata.main.str1.4
                0x0000000022017218       0xfa out/ChipTest/Eflash_Loader/main.o
 *fill*         0x0000000022017312        0x2 
 .rodata.bflb_eflash_loader_cmd_get_bootinfo.str1.4
                0x0000000022017314        0xf out/ChipTest/Eflash_Loader/bflb_eflash_loader_cmds.o
 *fill*         0x0000000022017323        0x1 
 .rodata.bflb_eflash_loader_cmd_read_jedec_id.str1.4
                0x0000000022017324        0x5 out/ChipTest/Eflash_Loader/bflb_eflash_loader_cmds.o
 *fill*         0x0000000022017329        0x3 
 .rodata.bflb_eflash_loader_cmd_read_log.str1.4
                0x000000002201732c        0x4 out/ChipTest/Eflash_Loader/bflb_eflash_loader_cmds.o
 .rodata.bflb_eflash_loader_cmd_xip_read_flash_start.str1.4
                0x0000000022017330        0x5 out/ChipTest/Eflash_Loader/bflb_eflash_loader_cmds.o
 *fill*         0x0000000022017335        0x3 
 .rodata.bflb_eflash_loader_cmd_xip_read_flash_finish.str1.4
                0x0000000022017338        0x6 out/ChipTest/Eflash_Loader/bflb_eflash_loader_cmds.o
 *fill*         0x000000002201733e        0x2 
 .rodata.bflb_eflash_loader_cmd_reset.str1.4
                0x0000000022017340        0x5 out/ChipTest/Eflash_Loader/bflb_eflash_loader_cmds.o
 *fill*         0x0000000022017345        0x3 
 .rodata.bflb_eflash_loader_cmd_write_mem.str1.4
                0x0000000022017348        0x8 out/ChipTest/Eflash_Loader/bflb_eflash_loader_cmds.o
 .rodata.bflb_eflash_loader_cmd_write_flash_check.str1.4
                0x0000000022017350        0x4 out/ChipTest/Eflash_Loader/bflb_eflash_loader_cmds.o
 .rodata.bflb_eflash_loader_cmd_read_efuse.str1.4
                0x0000000022017354        0x3 out/ChipTest/Eflash_Loader/bflb_eflash_loader_cmds.o
 *fill*         0x0000000022017357        0x1 
 .rodata.bflb_eflash_loader_cmd_write_efuse.str1.4
                0x0000000022017358        0x3 out/ChipTest/Eflash_Loader/bflb_eflash_loader_cmds.o
 *fill*         0x000000002201735b        0x1 
 .rodata.bflb_eflash_loader_cmd_flash_chip_erase.str1.4
                0x000000002201735c        0x4 out/ChipTest/Eflash_Loader/bflb_eflash_loader_cmds.o
                                          0xa (size before relaxing)
 .rodata.bflb_eflash_loader_cmd_erase_flash.str1.4
                0x0000000022017360        0x3 out/ChipTest/Eflash_Loader/bflb_eflash_loader_cmds.o
 *fill*         0x0000000022017363        0x1 
 .rodata.bflb_eflash_loader_cmd_flash_boot.str1.4
                0x0000000022017364        0x4 out/ChipTest/Eflash_Loader/bflb_eflash_loader_cmds.o
 .rodata.bflb_eflash_loader_cmd_read_mem.str1.4
                0x0000000022017368        0x4 out/ChipTest/Eflash_Loader/bflb_eflash_loader_cmds.o
 .rodata.bflb_eflash_loader_cmd_write_status_register.str1.4
                0x000000002201736c        0x5 out/ChipTest/Eflash_Loader/bflb_eflash_loader_cmds.o
 *fill*         0x0000000022017371        0x3 
 .rodata.bflb_eflash_loader_cmd_read_status_register.str1.4
                0x0000000022017374        0x5 out/ChipTest/Eflash_Loader/bflb_eflash_loader_cmds.o
 *fill*         0x0000000022017379        0x3 
 .rodata.bflb_eflash_loader_cmd_xip_read_flash.str1.4
                0x000000002201737c        0x4 out/ChipTest/Eflash_Loader/bflb_eflash_loader_cmds.o
 .rodata.bflb_eflash_loader_cmd_readSha_flash.str1.4
                0x0000000022017380        0x6 out/ChipTest/Eflash_Loader/bflb_eflash_loader_cmds.o
                                          0xb (size before relaxing)
 *fill*         0x0000000022017386        0x2 
 .rodata.bflb_eflash_loader_cmd_xip_readSha_flash.str1.4
                0x0000000022017388        0x7 out/ChipTest/Eflash_Loader/bflb_eflash_loader_cmds.o
 *fill*         0x000000002201738f        0x1 
 .rodata.bflb_eflash_loader_cmd_read_mac_addr.str1.4
                0x0000000022017390        0x5 out/ChipTest/Eflash_Loader/bflb_eflash_loader_cmds.o
 *fill*         0x0000000022017395        0x3 
 .rodata.bflb_eflash_loader_cmd_set_flash_para.str1.4
                0x0000000022017398        0x9 out/ChipTest/Eflash_Loader/bflb_eflash_loader_cmds.o
 *fill*         0x00000000220173a1        0x3 
 .rodata.bflb_eflash_loader_cmd_write_flash_with_decompress.str1.4
                0x00000000220173a4        0xd out/ChipTest/Eflash_Loader/bflb_eflash_loader_cmds.o
 *fill*         0x00000000220173b1        0x3 
 .rodata.eflash_loader_cmds
                0x00000000220173b4       0xc0 out/ChipTest/Eflash_Loader/bflb_eflash_loader_cmds.o
 .rodata.eflash_loader_dump_data.str1.4
                0x0000000022017474        0xd out/ChipTest/Eflash_Loader/bflb_eflash_loader_interface.o
                                          0x2 (size before relaxing)
 .rodata.bflb_eflash_loader_main.str1.4
                0x0000000022017474       0x2e out/ChipTest/Eflash_Loader/bflb_eflash_loader_interface.o
 *fill*         0x00000000220174a2        0x2 
 .rodata.bflb_eflash_loader_jlink_handshake_poll.str1.4
                0x00000000220174a4        0x7 out/ChipTest/Eflash_Loader/bflb_eflash_loader_jlink.o
 *fill*         0x00000000220174ab        0x1 
 .rodata.bflb_eflash_loader_uart_handshake_poll.str1.4
                0x00000000220174ac       0x10 out/ChipTest/Eflash_Loader/bflb_eflash_loader_uart.o
                                         0x14 (size before relaxing)
 .rodata.bflb_eflash_loader_parse_bootheader.str1.4
                0x00000000220174bc       0x2b out/ChipTest/Eflash_Loader/bflb_eflash_loader_boot.o
 *fill*         0x00000000220174e7        0x1 
 .rodata.bflb_eflash_loader_boot_main.str1.4
                0x00000000220174e8       0x13 out/ChipTest/Eflash_Loader/bflb_eflash_loader_boot.o
 *fill*         0x00000000220174fb        0x1 
 .rodata.bflb_eflash_loader_cache_enable.str1.4
                0x00000000220174fc        0xf out/ChipTest/Eflash_Loader/bflb_spi_flash.o
 *fill*         0x000000002201750b        0x1 
 .rodata.bflb_spi_flash_xip_read_init.str1.4
                0x000000002201750c       0x26 out/ChipTest/Eflash_Loader/bflb_spi_flash.o
 *fill*         0x0000000022017532        0x2 
 .rodata.bflb_spi_flash_init.str1.4
                0x0000000022017534       0x35 out/ChipTest/Eflash_Loader/bflb_spi_flash.o
 *fill*         0x0000000022017569        0x3 
 .rodata.sdu_host_check.str1.4
                0x000000002201756c       0x12 out/ChipTest/Eflash_Loader/sdu.o
 *fill*         0x000000002201757e        0x2 
 .rodata.sdu_send_data.str1.4
                0x0000000022017580       0x13 out/ChipTest/Eflash_Loader/sdu.o
 *fill*         0x0000000022017593        0x1 
 .rodata.vsnprintf.str1.4
                0x0000000022017594        0x7 out/BSP_Common/libc/vsnprintf.o
 *fill*         0x000000002201759b        0x1 
 .rodata.lcdigits.0
                0x000000002201759c       0x11 out/BSP_Common/libc/vsnprintf.o
 *fill*         0x00000000220175ad        0x3 
 .rodata.ucdigits.1
                0x00000000220175b0       0x11 out/BSP_Common/libc/vsnprintf.o
 *fill*         0x00000000220175c1        0x3 
 .rodata.crc32Tab
                0x00000000220175c4      0x400 out/BSP_Common/soft_crc/softcrc.o
                0x00000000220175c4                crc32Tab
 .rodata.xz_dec_run.str1.4
                0x00000000220179c4        0xb out/BSP_Common/xz/xz_dec_stream.o
 *fill*         0x00000000220179cf        0x1 
 .rodata.simple_malloc.str1.4
                0x00000000220179d0       0x13 out/BSP_Common/xz/xz_port.o
 *fill*         0x00000000220179e3        0x1 
 .rodata.simple_free.str1.4
                0x00000000220179e4       0x13 out/BSP_Common/xz/xz_port.o
 *fill*         0x00000000220179f7        0x1 
 .rodata.Trap_Handler.str1.4
                0x00000000220179f8      0x13b out/BSP_Driver/BL602_BSP_Driver/StdDriver/bl602_common.o
 *fill*         0x0000000022017b33        0x1 
 .rodata.Interrupt_Handler.str1.4
                0x0000000022017b34       0x8a out/BSP_Driver/BL602_BSP_Driver/StdDriver/bl602_common.o
 *fill*         0x0000000022017bbe        0x2 
 .rodata.uartAddr
                0x0000000022017bc0        0x8 out/BSP_Driver/BL602_BSP_Driver/StdDriver/bl602_uart.o
 .rodata.str1.4
                0x0000000022017bc8        0x5 out/BSP_Driver/BL602_BSP_Driver/StdDriver/bl602_sf_cfg_ext.o
 *fill*         0x0000000022017bcd        0x3 
 .rodata.bflb_platform_init.str1.4
                0x0000000022017bd0       0x14 out/BSP_Driver/BL602_BSP_Driver/platform_print/platform_device.o
                                         0x13 (size before relaxing)
 *(.srodata)
 .srodata       0x0000000022017be4        0x4 out/startup/system_bl602.o
 .srodata       0x0000000022017be8        0x4 out/BSP_Driver/BL602_BSP_Driver/platform_print/platform_device.o
 *(.srodata.*)
 *(.tcm_code)
 .tcm_code      0x0000000022017bec       0x9a out/ChipTest/Eflash_Loader/bflb_spi_flash.o
                0x0000000022017bec                bflb_flash_chip_erase
 .tcm_code      0x0000000022017c86      0x1f0 out/BSP_Driver/BL602_BSP_Driver/StdDriver/bl602_glb.o
                0x0000000022017c86                GLB_GPIO_Init
                0x0000000022017db4                GLB_GPIO_INPUT_Enable
                0x0000000022017dde                GLB_GPIO_INPUT_Disable
                0x0000000022017e08                GLB_GPIO_Set_PullUp
                0x0000000022017e40                GLB_GPIO_Set_PullDown
 .tcm_code      0x0000000022017e76      0x546 out/BSP_Driver/BL602_BSP_Driver/StdDriver/bl602_romapi.o
                0x0000000022017e76                AON_Power_On_BG
                0x0000000022017e80                AON_Power_Off_BG
                0x0000000022017e8a                AON_Power_On_LDO11_SOC
                0x0000000022017e94                AON_Power_Off_LDO11_SOC
                0x0000000022017e9e                AON_Power_On_LDO15_RF
                0x0000000022017ea8                AON_Power_Off_LDO15_RF
                0x0000000022017eb2                AON_Power_On_SFReg
                0x0000000022017ebc                AON_Power_Off_SFReg
                0x0000000022017ec6                AON_LowPower_Enter_PDS0
                0x0000000022017ed0                AON_LowPower_Exit_PDS0
                0x0000000022017eda                ASM_Delay_Us
                0x0000000022017ee4                BL602_Delay_US
                0x0000000022017eee                BL602_Delay_MS
                0x0000000022017ef8                BL602_MemCpy
                0x0000000022017f02                BL602_MemCpy4
                0x0000000022017f0c                BL602_MemCpy_Fast
                0x0000000022017f16                BL602_MemSet
                0x0000000022017f20                BL602_MemSet4
                0x0000000022017f2a                BL602_MemCmp
                0x0000000022017f34                EF_Ctrl_Sw_AHB_Clk_0
                0x0000000022017f3e                EF_Ctrl_Program_Efuse_0
                0x0000000022017f48                EF_Ctrl_Load_Efuse_R0
                0x0000000022017f52                EF_Ctrl_Busy
                0x0000000022017f5c                EF_Ctrl_AutoLoad_Done
                0x0000000022017f66                EF_Ctrl_Clear
                0x0000000022017f70                GLB_SW_System_Reset
                0x0000000022017f7a                GLB_SW_CPU_Reset
                0x0000000022017f84                GLB_SW_POR_Reset
                0x0000000022017f8e                GLB_Select_Internal_Flash
                0x0000000022017f98                GLB_Select_External_Flash
                0x0000000022017fa2                GLB_Deswap_Flash_Pin
                0x0000000022017fac                GLB_Swap_Flash_Pin
                0x0000000022017fb6                GLB_GPIO_OUTPUT_Enable
                0x0000000022017fc0                GLB_GPIO_OUTPUT_Disable
                0x0000000022017fca                GLB_GPIO_Set_HZ
                0x0000000022017fd4                GLB_GPIO_Get_Fun
                0x0000000022017fde                HBN_Power_Down_Flash
                0x0000000022017fe8                HBN_Enable
                0x0000000022017ff2                HBN_Reset
                0x0000000022017ffc                HBN_Set_Ldo11_Aon_Vout
                0x0000000022018006                HBN_Set_Ldo11_Rt_Vout
                0x0000000022018010                HBN_Set_Ldo11_Soc_Vout
                0x000000002201801a                HBN_Hw_Pu_Pd_Cfg
                0x0000000022018024                HBN_Pin_WakeUp_Mask
                0x000000002201802e                HBN_GPIO7_Dbg_Pull_Cfg
                0x0000000022018038                HBN_Set_Embedded_Flash_Pullup
                0x0000000022018042                L1C_Set_Wrap
                0x000000002201804c                L1C_Set_Way_Disable
                0x0000000022018056                L1C_IROM_2T_Access_Set
                0x0000000022018060                PDS_Reset
                0x000000002201806a                PDS_Enable
                0x0000000022018074                PDS_Force_Config
                0x000000002201807e                PDS_RAM_Config
                0x0000000022018088                PDS_Default_Level_Config
                0x0000000022018092                SEC_Eng_Turn_On_Sec_Ring
                0x000000002201809c                SEC_Eng_Turn_Off_Sec_Ring
                0x00000000220180a6                SFlash_Init
                0x00000000220180b0                SFlash_SetSPIMode
                0x00000000220180ba                SFlash_Read_Reg
                0x00000000220180c4                SFlash_Write_Reg
                0x00000000220180ce                SFlash_Busy
                0x00000000220180d8                SFlash_Write_Enable
                0x00000000220180e2                SFlash_Qspi_Enable
                0x00000000220180ec                SFlash_Volatile_Reg_Write_Enable
                0x00000000220180f6                SFlash_Chip_Erase
                0x0000000022018100                SFlash_Sector_Erase
                0x000000002201810a                SFlash_Blk32_Erase
                0x0000000022018114                SFlash_Blk64_Erase
                0x000000002201811e                SFlash_Erase
                0x0000000022018128                SFlash_Program
                0x0000000022018132                SFlash_GetUniqueId
                0x000000002201813c                SFlash_GetJedecId
                0x0000000022018146                SFlash_GetDeviceId
                0x0000000022018150                SFlash_Powerdown
                0x000000002201815a                SFlash_Releae_Powerdown
                0x0000000022018164                SFlash_SetBurstWrap
                0x000000002201816e                SFlash_DisableBurstWrap
                0x0000000022018178                SFlash_Software_Reset
                0x0000000022018182                SFlash_Reset_Continue_Read
                0x000000002201818c                SFlash_Set_IDbus_Cfg
                0x0000000022018196                SFlash_IDbus_Read_Enable
                0x00000000220181a0                SFlash_Cache_Enable_Set
                0x00000000220181aa                SFlash_Cache_Flush
                0x00000000220181b4                SFlash_Cache_Read_Enable
                0x00000000220181be                SFlash_Cache_Hit_Count_Get
                0x00000000220181c8                SFlash_Cache_Miss_Count_Get
                0x00000000220181d2                SFlash_Cache_Read_Disable
                0x00000000220181dc                SFlash_Read
                0x00000000220181e6                SFlash_Read_Reg_With_Cmd
                0x00000000220181f0                SFlash_Write_Reg_With_Cmd
                0x00000000220181fa                SF_Cfg_Init_Ext_Flash_Gpio
                0x0000000022018204                SF_Cfg_Init_Internal_Flash_Gpio
                0x000000002201820e                SF_Cfg_Deinit_Ext_Flash_Gpio
                0x0000000022018218                SF_Cfg_Restore_GPIO17_Fun
                0x0000000022018222                SF_Cfg_Get_Flash_Cfg_Need_Lock
                0x000000002201822c                SF_Cfg_Init_Flash_Gpio
                0x0000000022018236                SF_Cfg_Flash_Identify
                0x0000000022018240                SF_Ctrl_Enable
                0x000000002201824a                SF_Ctrl_Select_Pad
                0x0000000022018254                SF_Ctrl_Set_Owner
                0x000000002201825e                SF_Ctrl_Disable
                0x0000000022018268                SF_Ctrl_AES_Enable_BE
                0x0000000022018272                SF_Ctrl_AES_Enable_LE
                0x000000002201827c                SF_Ctrl_AES_Set_Region
                0x0000000022018286                SF_Ctrl_AES_Set_Key
                0x0000000022018290                SF_Ctrl_AES_Set_Key_BE
                0x000000002201829a                SF_Ctrl_AES_Set_IV
                0x00000000220182a4                SF_Ctrl_AES_Set_IV_BE
                0x00000000220182ae                SF_Ctrl_AES_Enable
                0x00000000220182b8                SF_Ctrl_AES_Disable
                0x00000000220182c2                SF_Ctrl_Set_Flash_Image_Offset
                0x00000000220182cc                SF_Ctrl_Get_Flash_Image_Offset
                0x00000000220182d6                SF_Ctrl_Select_Clock
                0x00000000220182e0                SF_Ctrl_SendCmd
                0x00000000220182ea                SF_Ctrl_Icache_Set
                0x00000000220182f4                SF_Ctrl_Icache2_Set
                0x00000000220182fe                SF_Ctrl_GetBusyState
                0x0000000022018308                SF_Ctrl_Is_AES_Enable
                0x0000000022018312                SF_Ctrl_Get_Clock_Delay
                0x000000002201831c                SF_Ctrl_Set_Clock_Delay
                0x0000000022018326                XIP_SFlash_State_Save
                0x0000000022018330                XIP_SFlash_State_Restore
                0x000000002201833a                XIP_SFlash_Erase_Need_Lock
                0x0000000022018344                XIP_SFlash_Write_Need_Lock
                0x000000002201834e                XIP_SFlash_Read_Need_Lock
                0x0000000022018358                XIP_SFlash_GetJedecId_Need_Lock
                0x0000000022018362                XIP_SFlash_GetDeviceId_Need_Lock
                0x000000002201836c                XIP_SFlash_GetUniqueId_Need_Lock
                0x0000000022018376                XIP_SFlash_Read_Via_Cache_Need_Lock
                0x0000000022018380                XIP_SFlash_Read_With_Lock
                0x000000002201838a                XIP_SFlash_Write_With_Lock
                0x0000000022018394                XIP_SFlash_Erase_With_Lock
                0x000000002201839e                XIP_SFlash_Opt_Enter
                0x00000000220183a8                XIP_SFlash_Opt_Exit
                0x00000000220183b2                BFLB_Soft_CRC32
 .tcm_code      0x00000000220183bc      0x6de out/BSP_Driver/BL602_BSP_Driver/StdDriver/bl602_sflash_ext.o
                0x00000000220183bc                SFlash_Restore_From_Powerdown
                0x0000000022018468                SFlash_RCV_Enable
                0x0000000022018536                SFlash_Erase_Security_Register
                0x0000000022018646                SFlash_Program_Security_Register
                0x00000000220187e4                SFlash_Read_Security_Register
                0x0000000022018966                SFlash_Clear_Status_Register
 .tcm_code      0x0000000022018a9a      0x13a out/BSP_Driver/BL602_BSP_Driver/StdDriver/bl602_sf_cfg_ext.o
                0x0000000022018a9a                SF_Cfg_Get_Flash_Cfg_Need_Lock_Ext
                0x0000000022018b48                SF_Cfg_Flash_Identify_Ext
 *(.tcm_const)
 *fill*         0x0000000022018bd4        0x0 
 .tcm_const     0x0000000022018bd4      0x2c4 out/BSP_Driver/BL602_BSP_Driver/StdDriver/bl602_sf_cfg_ext.o
 *(.sclock_rlt_code)
 .sclock_rlt_code
                0x0000000022018e98       0x5a out/BSP_Driver/BL602_BSP_Driver/StdDriver/bl602_glb.o
                0x0000000022018e98                GLB_Set_System_CLK_Div
 .sclock_rlt_code
                0x0000000022018ef2      0x136 out/BSP_Driver/BL602_BSP_Driver/StdDriver/bl602_romapi.o
                0x0000000022018ef2                AON_Power_On_MBG
                0x0000000022018efc                AON_Power_Off_MBG
                0x0000000022018f06                AON_Power_On_XTAL
                0x0000000022018f10                AON_Set_Xtal_CapCode
                0x0000000022018f1a                AON_Get_Xtal_CapCode
                0x0000000022018f24                AON_Power_Off_XTAL
                0x0000000022018f2e                EF_Ctrl_Get_Trim_Parity
                0x0000000022018f38                EF_Ctrl_Read_RC32M_Trim
                0x0000000022018f42                EF_Ctrl_Read_RC32K_Trim
                0x0000000022018f4c                GLB_Get_Root_CLK_Sel
                0x0000000022018f56                GLB_Get_BCLK_Div
                0x0000000022018f60                GLB_Get_HCLK_Div
                0x0000000022018f6a                Update_SystemCoreClockWith_XTAL
                0x0000000022018f74                GLB_Set_System_CLK
                0x0000000022018f7e                System_Core_Clock_Update_From_RC32M
                0x0000000022018f88                GLB_Set_SF_CLK
                0x0000000022018f92                GLB_Set_PKA_CLK_Sel
                0x0000000022018f9c                HBN_32K_Sel
                0x0000000022018fa6                HBN_Set_ROOT_CLK_Sel
                0x0000000022018fb0                HBN_Power_On_Xtal_32K
                0x0000000022018fba                HBN_Power_Off_Xtal_32K
                0x0000000022018fc4                HBN_Trim_RC32K
                0x0000000022018fce                PDS_Trim_RC32M
                0x0000000022018fd8                PDS_Select_RC32M_As_PLL_Ref
                0x0000000022018fe2                PDS_Select_XTAL_As_PLL_Ref
                0x0000000022018fec                PDS_Power_On_PLL
                0x0000000022018ff6                PDS_Enable_PLL_All_Clks
                0x0000000022019000                PDS_Disable_PLL_All_Clks
                0x000000002201900a                PDS_Enable_PLL_Clk
                0x0000000022019014                PDS_Disable_PLL_Clk
                0x000000002201901e                PDS_Power_Off_PLL
 *(.sclock_rlt_const)
                0x0000000022019028                . = ALIGN (0x4)
                0x0000000022019028                __text_code_end__ = .

.rela.dyn       0x0000000022019028        0x0
 .rela.text.start_load
                0x0000000022019028        0x0 out/ChipTest/Eflash_Loader/main.o
 .rela.init     0x0000000022019028        0x0 out/ChipTest/Eflash_Loader/main.o
 .rela.text.metal.init.enter
                0x0000000022019028        0x0 out/ChipTest/Eflash_Loader/main.o
 .rela.text.bflb_platform_uart_dbg_init
                0x0000000022019028        0x0 out/ChipTest/Eflash_Loader/main.o
 .rela.text.bflb_platform_deinit
                0x0000000022019028        0x0 out/ChipTest/Eflash_Loader/main.o
                0x0000000022019028                . = ALIGN (0x4)
                0x0000000022019028                __itcm_load_addr = .

.itcm_region    0x0000000022019028        0x0
                0x0000000022019028                . = ALIGN (0x4)
                0x0000000022019028                __tcm_code_start__ = .
                0x0000000022019028                . = ALIGN (0x4)
                0x0000000022019028                __tcm_code_end__ = .
                0x0000000022019028                __dtcm_load_addr = (__itcm_load_addr + SIZEOF (.itcm_region))

.dtcm_region    0x000000004201c000        0x0 load address 0x0000000022019028
                0x000000004201c000                . = ALIGN (0x4)
                0x000000004201c000                __tcm_data_start__ = .
 *(.tcm_data)
                0x000000004201c000                . = ALIGN (0x4)
                0x000000004201c000                __tcm_data_end__ = .

.stack_dummy    0x000000004201c000      0x400
                0x000000004201c000                . = ALIGN (0x4)
                0x000000004201c400                . = (. + StackSize)
 *fill*         0x000000004201c000      0x400 
                0x000000004201c400                . = ALIGN (0x4)
                0x0000000042020000                __StackTop = (ORIGIN (dtcm_memory) + LENGTH (dtcm_memory))
                0x000000004201fc00                __StackLimit = (__StackTop - SIZEOF (.stack_dummy))
                0x0000000000000001                ASSERT ((__StackLimit >= __tcm_data_end__), region RAM overflowed with stack)
                0x0000000022019028                __system_ram_load_addr = (__dtcm_load_addr + SIZEOF (.dtcm_region))

.system_ram_data_region
                0x0000000042020000        0x0 load address 0x0000000022019028
                0x0000000042020000                . = ALIGN (0x4)
                0x0000000042020000                __system_ram_data_start__ = .
                0x0000000042020000                . = ALIGN (0x4)
                0x0000000042020000                __system_ram_data_end__ = .
                0x0000000022019028                __ram_load_addr = (__system_ram_load_addr + SIZEOF (.system_ram_data_region))

RAM_DATA        0x0000000042020000       0xec load address 0x0000000022019028
                0x0000000042020000                . = ALIGN (0x4)
                0x0000000042020000                __ram_data_start__ = .
                0x0000000042020800                PROVIDE (__global_pointer$ = (. + 0x800))
 *(.data)
 *(.data.*)
 .data.flashCfg_Gd_Q80E_Q16E
                0x0000000042020000       0x54 out/ChipTest/Eflash_Loader/main.o
 .data.uart_if_cfg
                0x0000000042020054       0x10 out/ChipTest/Eflash_Loader/bflb_eflash_loader_uart.o
 .data.boot_cpu_cfg
                0x0000000042020064       0x24 out/ChipTest/Eflash_Loader/bflb_eflash_loader_boot.o
                0x0000000042020064                boot_cpu_cfg
 .data.flashCfg_Gd_Q80E_Q16E
                0x0000000042020088       0x54 out/ChipTest/Eflash_Loader/bflb_spi_flash.o
 *(.sdata)
 *(.sdata.*)
 .sdata.xtalType
                0x00000000420200dc        0x1 out/ChipTest/Eflash_Loader/main.o
                0x00000000420200dc                xtalType
 *fill*         0x00000000420200dd        0x3 
 .sdata.xtal_clk
                0x00000000420200e0        0x4 out/ChipTest/Eflash_Loader/main.o
                0x00000000420200e0                xtal_clk
 .sdata.uart_if_fifocfg
                0x00000000420200e4        0x4 out/ChipTest/Eflash_Loader/bflb_eflash_loader_uart.o
 .sdata.SdioFuncReg
                0x00000000420200e8        0x4 out/BSP_Driver/BL602_BSP_Driver/StdDriver/bl602_sdu.o
                0x00000000420200e8                SdioFuncReg
 *(.sdata2)
 *(.sdata2.*)
                0x00000000420200ec                . = ALIGN (0x4)
                0x00000000420200ec                __ram_data_end__ = .

.bss            0x00000000420200ec     0xdbbc load address 0x0000000022019114
                0x00000000420200ec                . = ALIGN (0x4)
                0x00000000420200ec                __bss_start__ = .
 *(.bss*)
 .bss.eflash_loader_cmd_ack_buf
                0x00000000420200ec       0x40 out/ChipTest/Eflash_Loader/main.o
                0x00000000420200ec                eflash_loader_cmd_ack_buf
 .bss.eflash_loader_readbuf
                0x000000004202012c     0x8010 out/ChipTest/Eflash_Loader/main.o
                0x000000004202012c                eflash_loader_readbuf
 .bss.otp_cfg   0x000000004202813c       0x10 out/ChipTest/Eflash_Loader/main.o
                0x000000004202813c                otp_cfg
 .bss.b.0       0x000000004202814c       0x18 out/ChipTest/Eflash_Loader/bflb_eflash_loader_cmds.o
 .bss.eflash_loader_if_cfg
                0x0000000042028164       0x24 out/ChipTest/Eflash_Loader/bflb_eflash_loader_interface.o
 .bss.image_cfg
                0x0000000042028188       0x2c out/ChipTest/Eflash_Loader/bflb_eflash_loader_boot.o
                0x0000000042028188                image_cfg
 .bss.__Interrupt_Handlers
                0x00000000420281b4      0x140 out/BSP_Driver/BL602_BSP_Driver/StdDriver/bl602_common.o
                0x00000000420281b4                __Interrupt_Handlers
 .bss.uartIntCbfArra
                0x00000000420282f4       0x40 out/BSP_Driver/BL602_BSP_Driver/StdDriver/bl602_uart.o
 .bss.secEngIntCbfArra
                0x0000000042028334       0x18 out/BSP_Driver/BL602_BSP_Driver/StdDriver/bl602_sec_eng.o
 .bss.print_buf.0
                0x000000004202834c       0x80 out/BSP_Driver/BL602_BSP_Driver/platform_print/platform_device.o
 *(.sbss*)
 .sbss.bootMode
                0x00000000420283cc        0x1 out/ChipTest/Eflash_Loader/main.o
                0x00000000420283cc                bootMode
 *fill*         0x00000000420283cd        0x3 
 .sbss.jid      0x00000000420283d0        0x4 out/ChipTest/Eflash_Loader/main.o
                0x00000000420283d0                jid
 .sbss.rx_buf_index
                0x00000000420283d4        0x4 out/ChipTest/Eflash_Loader/main.o
                0x00000000420283d4                rx_buf_index
 .sbss.rx_buf_len
                0x00000000420283d8        0x4 out/ChipTest/Eflash_Loader/main.o
                0x00000000420283d8                rx_buf_len
 .sbss.eflash_loader_error
                0x00000000420283dc        0x4 out/ChipTest/Eflash_Loader/bflb_eflash_loader_cmds.o
 .sbss.s.1      0x00000000420283e0        0x4 out/ChipTest/Eflash_Loader/bflb_eflash_loader_cmds.o
 .sbss.startaddr.2
                0x00000000420283e4        0x4 out/ChipTest/Eflash_Loader/bflb_eflash_loader_cmds.o
 .sbss.eflash_loader_if
                0x00000000420283e8        0x4 out/ChipTest/Eflash_Loader/bflb_eflash_loader_interface.o
                0x00000000420283e8                eflash_loader_if
 .sbss.abr_gpio_sel
                0x00000000420283ec        0x1 out/ChipTest/Eflash_Loader/bflb_eflash_loader_uart.o
 *fill*         0x00000000420283ed        0x3 
 .sbss.detected_baudrate
                0x00000000420283f0        0x4 out/ChipTest/Eflash_Loader/bflb_eflash_loader_uart.o
 .sbss.clk_locked.0
                0x00000000420283f4        0x1 out/ChipTest/Eflash_Loader/bflb_eflash_loader_boot.o
 *fill*         0x00000000420283f5        0x3 
 .sbss.bflb_eflash_loader_flash_id_valid_flag
                0x00000000420283f8        0x4 out/ChipTest/Eflash_Loader/bflb_spi_flash.o
 .sbss.curr_dnld_port.1
                0x00000000420283fc        0x1 out/ChipTest/Eflash_Loader/sdu.o
 .sbss.curr_upld_port.0
                0x00000000420283fd        0x1 out/ChipTest/Eflash_Loader/sdu.o
 *fill*         0x00000000420283fe        0x2 
 .sbss.sdu_rx_buf_attached
                0x0000000042028400        0x2 out/ChipTest/Eflash_Loader/sdu.o
 *fill*         0x0000000042028402        0x2 
 .sbss.bufsize  0x0000000042028404        0x4 out/BSP_Common/xz/xz_port.o
 .sbss.mallocBuf
                0x0000000042028408        0x4 out/BSP_Common/xz/xz_port.o
 .sbss.malloced
                0x000000004202840c        0x4 out/BSP_Common/xz/xz_port.o
 .sbss.flag_mport
                0x0000000042028410        0x1 out/BSP_Driver/BL602_BSP_Driver/StdDriver/bl602_sdu.o
                0x0000000042028410                flag_mport
 *fill*         0x0000000042028411        0x3 
 .sbss.init_flag
                0x0000000042028414        0x4 out/BSP_Driver/BL602_BSP_Driver/platform_print/platform_device.o
 .sbss.log_len  0x0000000042028418        0x4 out/BSP_Driver/BL602_BSP_Driver/platform_print/platform_device.o
 .sbss.uart_dbg_disable
                0x000000004202841c        0x1 out/BSP_Driver/BL602_BSP_Driver/platform_print/platform_device.o
 *(COMMON)
 *(.system_ram)
 *fill*         0x000000004202841d        0x3 
 .system_ram    0x0000000042028420     0x4888 out/ChipTest/Eflash_Loader/bflb_eflash_loader_cmds.o
                0x0000000042028420                padding
                0x0000000042028460                shaTmpBuf
                0x00000000420284a0                checkBuf
                0x0000000042028ca0                ShaInbuf
 .system_ram    0x000000004202cca8     0x1000 out/BSP_Driver/BL602_BSP_Driver/platform_print/platform_device.o
                0x000000004202dca8                . = ALIGN (0x4)
                0x000000004202dca8                __bss_end__ = .

.noinit_data    0x000000004202dca8        0x0
                0x000000004202dca8                . = ALIGN (0x4)
                0x000000004202dca8                __noinit_data_start__ = .
 *(.noinit_data*)
                0x000000004202dca8                . = ALIGN (0x4)
                0x000000004202dca8                __noinit_data_end__ = .

.heap           0x000000004202dca8        0x0
                0x000000004202dca8                . = ALIGN (0x4)
                0x000000004202dca8                __HeapBase = .
 *(.heap*)
                0x000000004202dca8                . = ALIGN (0x4)
                0x000000004202dca8                __HeapLimit = .
OUTPUT(out/ChipTest/Eflash_Loader/eflash_loader.elf elf32-littleriscv)

.debug_info     0x0000000000000000    0x22074
 .debug_info    0x0000000000000000      0xd00 out/ChipTest/Eflash_Loader/main.o
 .debug_info    0x0000000000000d00     0x29f4 out/ChipTest/Eflash_Loader/bflb_eflash_loader_cmds.o
 .debug_info    0x00000000000036f4      0x724 out/ChipTest/Eflash_Loader/bflb_eflash_loader_gpio.o
 .debug_info    0x0000000000003e18      0xa1d out/ChipTest/Eflash_Loader/bflb_eflash_loader_interface.o
 .debug_info    0x0000000000004835      0x49e out/ChipTest/Eflash_Loader/bflb_eflash_loader_jlink.o
 .debug_info    0x0000000000004cd3     0x126a out/ChipTest/Eflash_Loader/bflb_eflash_loader_uart.o
 .debug_info    0x0000000000005f3d      0x3ea out/ChipTest/Eflash_Loader/bflb_eflash_loader_sdio.o
 .debug_info    0x0000000000006327     0x160f out/ChipTest/Eflash_Loader/bflb_eflash_loader_boot.o
 .debug_info    0x0000000000007936     0x1f12 out/ChipTest/Eflash_Loader/bflb_spi_flash.o
 .debug_info    0x0000000000009848      0x641 out/ChipTest/Eflash_Loader/bflb_efuse.o
 .debug_info    0x0000000000009e89       0xdb out/ChipTest/Eflash_Loader/bflb_eflash_loader_cfg.o
 .debug_info    0x0000000000009f64      0x243 out/ChipTest/Eflash_Loader/bflb_set_clock.o
 .debug_info    0x000000000000a1a7      0x8b0 out/ChipTest/Eflash_Loader/sdu.o
 .debug_info    0x000000000000aa57       0xf7 out/BSP_Common/libc/memcpy.o
 .debug_info    0x000000000000ab4e       0xd7 out/BSP_Common/libc/memset.o
 .debug_info    0x000000000000ac25       0xf8 out/BSP_Common/libc/memcmp.o
 .debug_info    0x000000000000ad1d      0x552 out/BSP_Common/libc/vsnprintf.o
 .debug_info    0x000000000000b26f       0xbf out/BSP_Common/libc/strlen.o
 .debug_info    0x000000000000b32e      0x1d1 out/BSP_Common/soft_crc/softcrc.o
 .debug_info    0x000000000000b4ff      0x11b out/BSP_Common/xz/xz_crc32.o
 .debug_info    0x000000000000b61a     0x1b31 out/BSP_Common/xz/xz_dec_lzma2.o
 .debug_info    0x000000000000d14b      0xd67 out/BSP_Common/xz/xz_dec_stream.o
 .debug_info    0x000000000000deb2      0x18b out/BSP_Common/xz/xz_port.o
 .debug_info    0x000000000000e03d      0x411 out/startup/system_bl602.o
 .debug_info    0x000000000000e44e      0x1a0 out/startup/GCC/start_load.o
 .debug_info    0x000000000000e5ee      0x24e out/startup/interrupt.o
 .debug_info    0x000000000000e83c       0x22 out/startup/GCC/entry.o
 .debug_info    0x000000000000e85e      0x571 out/BSP_Driver/BL602_BSP_Driver/StdDriver/bl602_common.o
 .debug_info    0x000000000000edcf     0x1467 out/BSP_Driver/BL602_BSP_Driver/StdDriver/bl602_uart.o
 .debug_info    0x0000000000010236     0x1c7a out/BSP_Driver/BL602_BSP_Driver/StdDriver/bl602_glb.o
 .debug_info    0x0000000000011eb0     0x1b34 out/BSP_Driver/BL602_BSP_Driver/StdDriver/bl602_ef_ctrl.o
 .debug_info    0x00000000000139e4     0x1ebe out/BSP_Driver/BL602_BSP_Driver/StdDriver/bl602_hbn.o
 .debug_info    0x00000000000158a2     0x4892 out/BSP_Driver/BL602_BSP_Driver/StdDriver/bl602_sec_eng.o
 .debug_info    0x000000000001a134      0x43d out/BSP_Driver/BL602_BSP_Driver/StdDriver/bl602_sdu.o
 .debug_info    0x000000000001a571     0x3ac6 out/BSP_Driver/BL602_BSP_Driver/StdDriver/bl602_romapi.o
 .debug_info    0x000000000001e037     0x118e out/BSP_Driver/BL602_BSP_Driver/StdDriver/bl602_sflash_ext.o
 .debug_info    0x000000000001f1c5      0x877 out/BSP_Driver/BL602_BSP_Driver/StdDriver/bl602_sf_cfg_ext.o
 .debug_info    0x000000000001fa3c     0x12ac out/BSP_Driver/BL602_BSP_Driver/platform_print/platform_device.o
 .debug_info    0x0000000000020ce8      0x2f7 out/BSP_Driver/BL602_BSP_Driver/platform_print/platform_gpio.o
 .debug_info    0x0000000000020fdf      0x7b2 /home/cbpeng/toolchain/Xuantie-900-gcc-elf-newlib-x86_64/bin/../lib/gcc/riscv64-unknown-elf/10.2.0/rv32imafc/ilp32f/libgcc.a(_udivdi3.o)
 .debug_info    0x0000000000021791      0x80c /home/cbpeng/toolchain/Xuantie-900-gcc-elf-newlib-x86_64/bin/../lib/gcc/riscv64-unknown-elf/10.2.0/rv32imafc/ilp32f/libgcc.a(_umoddi3.o)
 .debug_info    0x0000000000021f9d       0xd7 /home/cbpeng/toolchain/Xuantie-900-gcc-elf-newlib-x86_64/bin/../lib/gcc/riscv64-unknown-elf/10.2.0/rv32imafc/ilp32f/libgcc.a(_clz.o)

.debug_abbrev   0x0000000000000000     0x532b
 .debug_abbrev  0x0000000000000000      0x21a out/ChipTest/Eflash_Loader/main.o
 .debug_abbrev  0x000000000000021a      0x51d out/ChipTest/Eflash_Loader/bflb_eflash_loader_cmds.o
 .debug_abbrev  0x0000000000000737      0x25a out/ChipTest/Eflash_Loader/bflb_eflash_loader_gpio.o
 .debug_abbrev  0x0000000000000991      0x2cd out/ChipTest/Eflash_Loader/bflb_eflash_loader_interface.o
 .debug_abbrev  0x0000000000000c5e      0x19a out/ChipTest/Eflash_Loader/bflb_eflash_loader_jlink.o
 .debug_abbrev  0x0000000000000df8      0x374 out/ChipTest/Eflash_Loader/bflb_eflash_loader_uart.o
 .debug_abbrev  0x000000000000116c      0x122 out/ChipTest/Eflash_Loader/bflb_eflash_loader_sdio.o
 .debug_abbrev  0x000000000000128e      0x45b out/ChipTest/Eflash_Loader/bflb_eflash_loader_boot.o
 .debug_abbrev  0x00000000000016e9      0x426 out/ChipTest/Eflash_Loader/bflb_spi_flash.o
 .debug_abbrev  0x0000000000001b0f      0x1c2 out/ChipTest/Eflash_Loader/bflb_efuse.o
 .debug_abbrev  0x0000000000001cd1       0x7b out/ChipTest/Eflash_Loader/bflb_eflash_loader_cfg.o
 .debug_abbrev  0x0000000000001d4c       0xe5 out/ChipTest/Eflash_Loader/bflb_set_clock.o
 .debug_abbrev  0x0000000000001e31      0x20b out/ChipTest/Eflash_Loader/sdu.o
 .debug_abbrev  0x000000000000203c       0xba out/BSP_Common/libc/memcpy.o
 .debug_abbrev  0x00000000000020f6       0x9d out/BSP_Common/libc/memset.o
 .debug_abbrev  0x0000000000002193       0xa2 out/BSP_Common/libc/memcmp.o
 .debug_abbrev  0x0000000000002235      0x20c out/BSP_Common/libc/vsnprintf.o
 .debug_abbrev  0x0000000000002441       0x8c out/BSP_Common/libc/strlen.o
 .debug_abbrev  0x00000000000024cd       0xf6 out/BSP_Common/soft_crc/softcrc.o
 .debug_abbrev  0x00000000000025c3       0xcb out/BSP_Common/xz/xz_crc32.o
 .debug_abbrev  0x000000000000268e      0x397 out/BSP_Common/xz/xz_dec_lzma2.o
 .debug_abbrev  0x0000000000002a25      0x36e out/BSP_Common/xz/xz_dec_stream.o
 .debug_abbrev  0x0000000000002d93      0x111 out/BSP_Common/xz/xz_port.o
 .debug_abbrev  0x0000000000002ea4      0x18c out/startup/system_bl602.o
 .debug_abbrev  0x0000000000003030       0xb9 out/startup/GCC/start_load.o
 .debug_abbrev  0x00000000000030e9      0x130 out/startup/interrupt.o
 .debug_abbrev  0x0000000000003219       0x12 out/startup/GCC/entry.o
 .debug_abbrev  0x000000000000322b      0x17e out/BSP_Driver/BL602_BSP_Driver/StdDriver/bl602_common.o
 .debug_abbrev  0x00000000000033a9      0x29e out/BSP_Driver/BL602_BSP_Driver/StdDriver/bl602_uart.o
 .debug_abbrev  0x0000000000003647      0x2dc out/BSP_Driver/BL602_BSP_Driver/StdDriver/bl602_glb.o
 .debug_abbrev  0x0000000000003923      0x2f3 out/BSP_Driver/BL602_BSP_Driver/StdDriver/bl602_ef_ctrl.o
 .debug_abbrev  0x0000000000003c16      0x344 out/BSP_Driver/BL602_BSP_Driver/StdDriver/bl602_hbn.o
 .debug_abbrev  0x0000000000003f5a      0x448 out/BSP_Driver/BL602_BSP_Driver/StdDriver/bl602_sec_eng.o
 .debug_abbrev  0x00000000000043a2      0x14f out/BSP_Driver/BL602_BSP_Driver/StdDriver/bl602_sdu.o
 .debug_abbrev  0x00000000000044f1      0x298 out/BSP_Driver/BL602_BSP_Driver/StdDriver/bl602_romapi.o
 .debug_abbrev  0x0000000000004789      0x1ef out/BSP_Driver/BL602_BSP_Driver/StdDriver/bl602_sflash_ext.o
 .debug_abbrev  0x0000000000004978      0x166 out/BSP_Driver/BL602_BSP_Driver/StdDriver/bl602_sf_cfg_ext.o
 .debug_abbrev  0x0000000000004ade      0x3ab out/BSP_Driver/BL602_BSP_Driver/platform_print/platform_device.o
 .debug_abbrev  0x0000000000004e89       0xdc out/BSP_Driver/BL602_BSP_Driver/platform_print/platform_gpio.o
 .debug_abbrev  0x0000000000004f65      0x19d /home/cbpeng/toolchain/Xuantie-900-gcc-elf-newlib-x86_64/bin/../lib/gcc/riscv64-unknown-elf/10.2.0/rv32imafc/ilp32f/libgcc.a(_udivdi3.o)
 .debug_abbrev  0x0000000000005102      0x1b9 /home/cbpeng/toolchain/Xuantie-900-gcc-elf-newlib-x86_64/bin/../lib/gcc/riscv64-unknown-elf/10.2.0/rv32imafc/ilp32f/libgcc.a(_umoddi3.o)
 .debug_abbrev  0x00000000000052bb       0x70 /home/cbpeng/toolchain/Xuantie-900-gcc-elf-newlib-x86_64/bin/../lib/gcc/riscv64-unknown-elf/10.2.0/rv32imafc/ilp32f/libgcc.a(_clz.o)

.debug_loc      0x0000000000000000    0x17f22
 .debug_loc     0x0000000000000000       0x43 out/ChipTest/Eflash_Loader/main.o
 .debug_loc     0x0000000000000043     0x1893 out/ChipTest/Eflash_Loader/bflb_eflash_loader_cmds.o
 .debug_loc     0x00000000000018d6      0x246 out/ChipTest/Eflash_Loader/bflb_eflash_loader_gpio.o
 .debug_loc     0x0000000000001b1c      0x4a7 out/ChipTest/Eflash_Loader/bflb_eflash_loader_interface.o
 .debug_loc     0x0000000000001fc3      0x21c out/ChipTest/Eflash_Loader/bflb_eflash_loader_jlink.o
 .debug_loc     0x00000000000021df      0x372 out/ChipTest/Eflash_Loader/bflb_eflash_loader_uart.o
 .debug_loc     0x0000000000002551      0x172 out/ChipTest/Eflash_Loader/bflb_eflash_loader_sdio.o
 .debug_loc     0x00000000000026c3      0x477 out/ChipTest/Eflash_Loader/bflb_eflash_loader_boot.o
 .debug_loc     0x0000000000002b3a      0x9c6 out/ChipTest/Eflash_Loader/bflb_spi_flash.o
 .debug_loc     0x0000000000003500      0x1df out/ChipTest/Eflash_Loader/bflb_efuse.o
 .debug_loc     0x00000000000036df       0x63 out/ChipTest/Eflash_Loader/bflb_set_clock.o
 .debug_loc     0x0000000000003742      0x2a1 out/ChipTest/Eflash_Loader/sdu.o
 .debug_loc     0x00000000000039e3       0x6f out/BSP_Common/libc/memcpy.o
 .debug_loc     0x0000000000003a52       0x9a out/BSP_Common/libc/memset.o
 .debug_loc     0x0000000000003aec       0xbc out/BSP_Common/libc/memcmp.o
 .debug_loc     0x0000000000003ba8     0x163a out/BSP_Common/libc/vsnprintf.o
 .debug_loc     0x00000000000051e2       0x71 out/BSP_Common/libc/strlen.o
 .debug_loc     0x0000000000005253      0x1f5 out/BSP_Common/soft_crc/softcrc.o
 .debug_loc     0x0000000000005448       0x8c out/BSP_Common/xz/xz_crc32.o
 .debug_loc     0x00000000000054d4     0x1815 out/BSP_Common/xz/xz_dec_lzma2.o
 .debug_loc     0x0000000000006ce9      0x7dd out/BSP_Common/xz/xz_dec_stream.o
 .debug_loc     0x00000000000074c6       0x58 out/BSP_Common/xz/xz_port.o
 .debug_loc     0x000000000000751e       0x6c out/startup/system_bl602.o
 .debug_loc     0x000000000000758a      0x122 out/startup/interrupt.o
 .debug_loc     0x00000000000076ac      0x270 out/BSP_Driver/BL602_BSP_Driver/StdDriver/bl602_common.o
 .debug_loc     0x000000000000791c     0x1327 out/BSP_Driver/BL602_BSP_Driver/StdDriver/bl602_uart.o
 .debug_loc     0x0000000000008c43     0x18be out/BSP_Driver/BL602_BSP_Driver/StdDriver/bl602_glb.o
 .debug_loc     0x000000000000a501     0x231b out/BSP_Driver/BL602_BSP_Driver/StdDriver/bl602_ef_ctrl.o
 .debug_loc     0x000000000000c81c     0x13ae out/BSP_Driver/BL602_BSP_Driver/StdDriver/bl602_hbn.o
 .debug_loc     0x000000000000dbca     0x5c20 out/BSP_Driver/BL602_BSP_Driver/StdDriver/bl602_sec_eng.o
 .debug_loc     0x00000000000137ea       0x84 out/BSP_Driver/BL602_BSP_Driver/StdDriver/bl602_sdu.o
 .debug_loc     0x000000000001386e     0x1c7d out/BSP_Driver/BL602_BSP_Driver/StdDriver/bl602_romapi.o
 .debug_loc     0x00000000000154eb      0xa30 out/BSP_Driver/BL602_BSP_Driver/StdDriver/bl602_sflash_ext.o
 .debug_loc     0x0000000000015f1b      0x1f6 out/BSP_Driver/BL602_BSP_Driver/StdDriver/bl602_sf_cfg_ext.o
 .debug_loc     0x0000000000016111      0x8ac out/BSP_Driver/BL602_BSP_Driver/platform_print/platform_device.o
 .debug_loc     0x00000000000169bd      0xbdd /home/cbpeng/toolchain/Xuantie-900-gcc-elf-newlib-x86_64/bin/../lib/gcc/riscv64-unknown-elf/10.2.0/rv32imafc/ilp32f/libgcc.a(_udivdi3.o)
 .debug_loc     0x000000000001759a      0x988 /home/cbpeng/toolchain/Xuantie-900-gcc-elf-newlib-x86_64/bin/../lib/gcc/riscv64-unknown-elf/10.2.0/rv32imafc/ilp32f/libgcc.a(_umoddi3.o)

.debug_aranges  0x0000000000000000     0x1800
 .debug_aranges
                0x0000000000000000       0x20 out/ChipTest/Eflash_Loader/main.o
 .debug_aranges
                0x0000000000000020       0xf0 out/ChipTest/Eflash_Loader/bflb_eflash_loader_cmds.o
 .debug_aranges
                0x0000000000000110       0x60 out/ChipTest/Eflash_Loader/bflb_eflash_loader_gpio.o
 .debug_aranges
                0x0000000000000170       0x80 out/ChipTest/Eflash_Loader/bflb_eflash_loader_interface.o
 .debug_aranges
                0x00000000000001f0       0x50 out/ChipTest/Eflash_Loader/bflb_eflash_loader_jlink.o
 .debug_aranges
                0x0000000000000240       0x68 out/ChipTest/Eflash_Loader/bflb_eflash_loader_uart.o
 .debug_aranges
                0x00000000000002a8       0x48 out/ChipTest/Eflash_Loader/bflb_eflash_loader_sdio.o
 .debug_aranges
                0x00000000000002f0       0x58 out/ChipTest/Eflash_Loader/bflb_eflash_loader_boot.o
 .debug_aranges
                0x0000000000000348       0xd8 out/ChipTest/Eflash_Loader/bflb_spi_flash.o
 .debug_aranges
                0x0000000000000420       0x30 out/ChipTest/Eflash_Loader/bflb_efuse.o
 .debug_aranges
                0x0000000000000450       0x38 out/ChipTest/Eflash_Loader/bflb_eflash_loader_cfg.o
 .debug_aranges
                0x0000000000000488       0x40 out/ChipTest/Eflash_Loader/bflb_set_clock.o
 .debug_aranges
                0x00000000000004c8       0x40 out/ChipTest/Eflash_Loader/sdu.o
 .debug_aranges
                0x0000000000000508       0x20 out/BSP_Common/libc/memcpy.o
 .debug_aranges
                0x0000000000000528       0x20 out/BSP_Common/libc/memset.o